<?xml version="1.0" encoding="ISO-8859-1" ?>
<link_info>
   <banner>TMS320C6x Linker PC v8.3.3</banner>
   <copyright>Copyright (c) 1996-2018 Texas Instruments Incorporated</copyright>
   <link_time>0x5daa8802</link_time>
   <link_errors>0x0</link_errors>
   <output_file>Proyecto2_Transformada_de_Fourier.out</output_file>
   <entry_point>
      <name>_c_int00</name>
      <address>0x8000d620</address>
   </entry_point>
   <input_file_list>
      <input_file id="fl-2">
         <path>.\</path>
         <kind>object</kind>
         <file>AM335X_device.obj</file>
         <name>AM335X_device.obj</name>
      </input_file>
      <input_file id="fl-3">
         <path>.\</path>
         <kind>object</kind>
         <file>AM335X_ecc.obj</file>
         <name>AM335X_ecc.obj</name>
      </input_file>
      <input_file id="fl-4">
         <path>.\</path>
         <kind>object</kind>
         <file>aic31.obj</file>
         <name>aic31.obj</name>
      </input_file>
      <input_file id="fl-5">
         <path>.\</path>
         <kind>object</kind>
         <file>cache.obj</file>
         <name>cache.obj</name>
      </input_file>
      <input_file id="fl-6">
         <path>.\</path>
         <kind>object</kind>
         <file>codecif.obj</file>
         <name>codecif.obj</name>
      </input_file>
      <input_file id="fl-7">
         <path>.\</path>
         <kind>object</kind>
         <file>debug.obj</file>
         <name>debug.obj</name>
      </input_file>
      <input_file id="fl-8">
         <path>.\</path>
         <kind>object</kind>
         <file>edma.obj</file>
         <name>edma.obj</name>
      </input_file>
      <input_file id="fl-9">
         <path>.\</path>
         <kind>object</kind>
         <file>edmaV2.obj</file>
         <name>edmaV2.obj</name>
      </input_file>
      <input_file id="fl-a">
         <path>.\</path>
         <kind>object</kind>
         <file>gpio.obj</file>
         <name>gpio.obj</name>
      </input_file>
      <input_file id="fl-b">
         <path>.\</path>
         <kind>object</kind>
         <file>gpiov2.obj</file>
         <name>gpiov2.obj</name>
      </input_file>
      <input_file id="fl-c">
         <path>.\</path>
         <kind>object</kind>
         <file>i2c.obj</file>
         <name>i2c.obj</name>
      </input_file>
      <input_file id="fl-d">
         <path>.\</path>
         <kind>object</kind>
         <file>i2cv2.obj</file>
         <name>i2cv2.obj</name>
      </input_file>
      <input_file id="fl-e">
         <path>.\</path>
         <kind>object</kind>
         <file>interrupt.obj</file>
         <name>interrupt.obj</name>
      </input_file>
      <input_file id="fl-f">
         <path>.\</path>
         <kind>object</kind>
         <file>intvecs.obj</file>
         <name>intvecs.obj</name>
      </input_file>
      <input_file id="fl-10">
         <path>.\</path>
         <kind>object</kind>
         <file>main.obj</file>
         <name>main.obj</name>
      </input_file>
      <input_file id="fl-11">
         <path>.\</path>
         <kind>object</kind>
         <file>mcasp.obj</file>
         <name>mcasp.obj</name>
      </input_file>
      <input_file id="fl-12">
         <path>.\</path>
         <kind>object</kind>
         <file>mcasp1.obj</file>
         <name>mcasp1.obj</name>
      </input_file>
      <input_file id="fl-13">
         <path>.\</path>
         <kind>object</kind>
         <file>psc.obj</file>
         <name>psc.obj</name>
      </input_file>
      <input_file id="fl-14">
         <path>.\</path>
         <kind>object</kind>
         <file>uart.obj</file>
         <name>uart.obj</name>
      </input_file>
      <input_file id="fl-15">
         <path>.\</path>
         <kind>object</kind>
         <file>uartv2.obj</file>
         <name>uartv2.obj</name>
      </input_file>
      <input_file id="fl-16">
         <path>.\</path>
         <kind>object</kind>
         <file>util.obj</file>
         <name>util.obj</name>
      </input_file>
      <input_file id="fl-1a">
         <kind>object</kind>
         <file>&lt;internal&gt;</file>
         <name>&lt;internal&gt;</name>
      </input_file>
      <input_file id="fl-34">
         <path>C:\ti\ccs910\ccs\tools\compiler\ti-cgt-c6000_8.3.3\lib\</path>
         <kind>archive</kind>
         <file>rts6740_elf.lib</file>
         <name>s_cexp.c.obj</name>
      </input_file>
      <input_file id="fl-35">
         <path>C:\ti\ccs910\ccs\tools\compiler\ti-cgt-c6000_8.3.3\lib\</path>
         <kind>archive</kind>
         <file>rts6740_elf.lib</file>
         <name>c99_complex.c.obj</name>
      </input_file>
      <input_file id="fl-36">
         <path>C:\ti\ccs910\ccs\tools\compiler\ti-cgt-c6000_8.3.3\lib\</path>
         <kind>archive</kind>
         <file>rts6740_elf.lib</file>
         <name>printf.c.obj</name>
      </input_file>
      <input_file id="fl-37">
         <path>C:\ti\ccs910\ccs\tools\compiler\ti-cgt-c6000_8.3.3\lib\</path>
         <kind>archive</kind>
         <file>rts6740_elf.lib</file>
         <name>_printfi.c.obj</name>
      </input_file>
      <input_file id="fl-38">
         <path>C:\ti\ccs910\ccs\tools\compiler\ti-cgt-c6000_8.3.3\lib\</path>
         <kind>archive</kind>
         <file>rts6740_elf.lib</file>
         <name>sprintf.c.obj</name>
      </input_file>
      <input_file id="fl-39">
         <path>C:\ti\ccs910\ccs\tools\compiler\ti-cgt-c6000_8.3.3\lib\</path>
         <kind>archive</kind>
         <file>rts6740_elf.lib</file>
         <name>fscanf.c.obj</name>
      </input_file>
      <input_file id="fl-3a">
         <path>C:\ti\ccs910\ccs\tools\compiler\ti-cgt-c6000_8.3.3\lib\</path>
         <kind>archive</kind>
         <file>rts6740_elf.lib</file>
         <name>fgetc.c.obj</name>
      </input_file>
      <input_file id="fl-3b">
         <path>C:\ti\ccs910\ccs\tools\compiler\ti-cgt-c6000_8.3.3\lib\</path>
         <kind>archive</kind>
         <file>rts6740_elf.lib</file>
         <name>fputc.c.obj</name>
      </input_file>
      <input_file id="fl-3c">
         <path>C:\ti\ccs910\ccs\tools\compiler\ti-cgt-c6000_8.3.3\lib\</path>
         <kind>archive</kind>
         <file>rts6740_elf.lib</file>
         <name>fputs.c.obj</name>
      </input_file>
      <input_file id="fl-3d">
         <path>C:\ti\ccs910\ccs\tools\compiler\ti-cgt-c6000_8.3.3\lib\</path>
         <kind>archive</kind>
         <file>rts6740_elf.lib</file>
         <name>_bufread.c.obj</name>
      </input_file>
      <input_file id="fl-3e">
         <path>C:\ti\ccs910\ccs\tools\compiler\ti-cgt-c6000_8.3.3\lib\</path>
         <kind>archive</kind>
         <file>rts6740_elf.lib</file>
         <name>_io_perm.c.obj</name>
      </input_file>
      <input_file id="fl-3f">
         <path>C:\ti\ccs910\ccs\tools\compiler\ti-cgt-c6000_8.3.3\lib\</path>
         <kind>archive</kind>
         <file>rts6740_elf.lib</file>
         <name>setvbuf.c.obj</name>
      </input_file>
      <input_file id="fl-40">
         <path>C:\ti\ccs910\ccs\tools\compiler\ti-cgt-c6000_8.3.3\lib\</path>
         <kind>archive</kind>
         <file>rts6740_elf.lib</file>
         <name>ungetc.c.obj</name>
      </input_file>
      <input_file id="fl-41">
         <path>C:\ti\ccs910\ccs\tools\compiler\ti-cgt-c6000_8.3.3\lib\</path>
         <kind>archive</kind>
         <file>rts6740_elf.lib</file>
         <name>w_cabs.c.obj</name>
      </input_file>
      <input_file id="fl-42">
         <path>C:\ti\ccs910\ccs\tools\compiler\ti-cgt-c6000_8.3.3\lib\</path>
         <kind>archive</kind>
         <file>rts6740_elf.lib</file>
         <name>push.asm.obj</name>
      </input_file>
      <input_file id="fl-43">
         <path>C:\ti\ccs910\ccs\tools\compiler\ti-cgt-c6000_8.3.3\lib\</path>
         <kind>archive</kind>
         <file>rts6740_elf.lib</file>
         <name>divu.asm.obj</name>
      </input_file>
      <input_file id="fl-44">
         <path>C:\ti\ccs910\ccs\tools\compiler\ti-cgt-c6000_8.3.3\lib\</path>
         <kind>archive</kind>
         <file>rts6740_elf.lib</file>
         <name>memcpy64.asm.obj</name>
      </input_file>
      <input_file id="fl-45">
         <path>C:\ti\ccs910\ccs\tools\compiler\ti-cgt-c6000_8.3.3\lib\</path>
         <kind>archive</kind>
         <file>rts6740_elf.lib</file>
         <name>remu.asm.obj</name>
      </input_file>
      <input_file id="fl-46">
         <path>C:\ti\ccs910\ccs\tools\compiler\ti-cgt-c6000_8.3.3\lib\</path>
         <kind>archive</kind>
         <file>rts6740_elf.lib</file>
         <name>boot.c.obj</name>
      </input_file>
      <input_file id="fl-47">
         <path>C:\ti\ccs910\ccs\tools\compiler\ti-cgt-c6000_8.3.3\lib\</path>
         <kind>archive</kind>
         <file>rts6740_elf.lib</file>
         <name>imath40.c.obj</name>
      </input_file>
      <input_file id="fl-48">
         <path>C:\ti\ccs910\ccs\tools\compiler\ti-cgt-c6000_8.3.3\lib\</path>
         <kind>archive</kind>
         <file>rts6740_elf.lib</file>
         <name>imath64.c.obj</name>
      </input_file>
      <input_file id="fl-49">
         <path>C:\ti\ccs910\ccs\tools\compiler\ti-cgt-c6000_8.3.3\lib\</path>
         <kind>archive</kind>
         <file>rts6740_elf.lib</file>
         <name>llshift.c.obj</name>
      </input_file>
      <input_file id="fl-4a">
         <path>C:\ti\ccs910\ccs\tools\compiler\ti-cgt-c6000_8.3.3\lib\</path>
         <kind>archive</kind>
         <file>rts6740_elf.lib</file>
         <name>memset.c.obj</name>
      </input_file>
      <input_file id="fl-4b">
         <path>C:\ti\ccs910\ccs\tools\compiler\ti-cgt-c6000_8.3.3\lib\</path>
         <kind>archive</kind>
         <file>rts6740_elf.lib</file>
         <name>autoinit.c.obj</name>
      </input_file>
      <input_file id="fl-4c">
         <path>C:\ti\ccs910\ccs\tools\compiler\ti-cgt-c6000_8.3.3\lib\</path>
         <kind>archive</kind>
         <file>rts6740_elf.lib</file>
         <name>pre_init.c.obj</name>
      </input_file>
      <input_file id="fl-4d">
         <path>C:\ti\ccs910\ccs\tools\compiler\ti-cgt-c6000_8.3.3\lib\</path>
         <kind>archive</kind>
         <file>rts6740_elf.lib</file>
         <name>startup.c.obj</name>
      </input_file>
      <input_file id="fl-4e">
         <path>C:\ti\ccs910\ccs\tools\compiler\ti-cgt-c6000_8.3.3\lib\</path>
         <kind>archive</kind>
         <file>rts6740_elf.lib</file>
         <name>cpy_tbl.c.obj</name>
      </input_file>
      <input_file id="fl-4f">
         <path>C:\ti\ccs910\ccs\tools\compiler\ti-cgt-c6000_8.3.3\lib\</path>
         <kind>archive</kind>
         <file>rts6740_elf.lib</file>
         <name>copy_zero_init.c.obj</name>
      </input_file>
      <input_file id="fl-50">
         <path>C:\ti\ccs910\ccs\tools\compiler\ti-cgt-c6000_8.3.3\lib\</path>
         <kind>archive</kind>
         <file>rts6740_elf.lib</file>
         <name>copy_decompress_none.c.obj</name>
      </input_file>
      <input_file id="fl-51">
         <path>C:\ti\ccs910\ccs\tools\compiler\ti-cgt-c6000_8.3.3\lib\</path>
         <kind>archive</kind>
         <file>rts6740_elf.lib</file>
         <name>copy_decompress_rle.c.obj</name>
      </input_file>
      <input_file id="fl-52">
         <path>C:\ti\ccs910\ccs\tools\compiler\ti-cgt-c6000_8.3.3\lib\</path>
         <kind>archive</kind>
         <file>rts6740_elf.lib</file>
         <name>cos.c.obj</name>
      </input_file>
      <input_file id="fl-53">
         <path>C:\ti\ccs910\ccs\tools\compiler\ti-cgt-c6000_8.3.3\lib\</path>
         <kind>archive</kind>
         <file>rts6740_elf.lib</file>
         <name>exp.c.obj</name>
      </input_file>
      <input_file id="fl-54">
         <path>C:\ti\ccs910\ccs\tools\compiler\ti-cgt-c6000_8.3.3\lib\</path>
         <kind>archive</kind>
         <file>rts6740_elf.lib</file>
         <name>frexp.c.obj</name>
      </input_file>
      <input_file id="fl-55">
         <path>C:\ti\ccs910\ccs\tools\compiler\ti-cgt-c6000_8.3.3\lib\</path>
         <kind>archive</kind>
         <file>rts6740_elf.lib</file>
         <name>isinf.c.obj</name>
      </input_file>
      <input_file id="fl-56">
         <path>C:\ti\ccs910\ccs\tools\compiler\ti-cgt-c6000_8.3.3\lib\</path>
         <kind>archive</kind>
         <file>rts6740_elf.lib</file>
         <name>ldexp.c.obj</name>
      </input_file>
      <input_file id="fl-57">
         <path>C:\ti\ccs910\ccs\tools\compiler\ti-cgt-c6000_8.3.3\lib\</path>
         <kind>archive</kind>
         <file>rts6740_elf.lib</file>
         <name>modf.c.obj</name>
      </input_file>
      <input_file id="fl-58">
         <path>C:\ti\ccs910\ccs\tools\compiler\ti-cgt-c6000_8.3.3\lib\</path>
         <kind>archive</kind>
         <file>rts6740_elf.lib</file>
         <name>pow.c.obj</name>
      </input_file>
      <input_file id="fl-59">
         <path>C:\ti\ccs910\ccs\tools\compiler\ti-cgt-c6000_8.3.3\lib\</path>
         <kind>archive</kind>
         <file>rts6740_elf.lib</file>
         <name>round.c.obj</name>
      </input_file>
      <input_file id="fl-5a">
         <path>C:\ti\ccs910\ccs\tools\compiler\ti-cgt-c6000_8.3.3\lib\</path>
         <kind>archive</kind>
         <file>rts6740_elf.lib</file>
         <name>sin.c.obj</name>
      </input_file>
      <input_file id="fl-5b">
         <path>C:\ti\ccs910\ccs\tools\compiler\ti-cgt-c6000_8.3.3\lib\</path>
         <kind>archive</kind>
         <file>rts6740_elf.lib</file>
         <name>trunc.c.obj</name>
      </input_file>
      <input_file id="fl-5c">
         <path>C:\ti\ccs910\ccs\tools\compiler\ti-cgt-c6000_8.3.3\lib\</path>
         <kind>archive</kind>
         <file>rts6740_elf.lib</file>
         <name>signbit.c.obj</name>
      </input_file>
      <input_file id="fl-5d">
         <path>C:\ti\ccs910\ccs\tools\compiler\ti-cgt-c6000_8.3.3\lib\</path>
         <kind>archive</kind>
         <file>rts6740_elf.lib</file>
         <name>divd.c.obj</name>
      </input_file>
      <input_file id="fl-5e">
         <path>C:\ti\ccs910\ccs\tools\compiler\ti-cgt-c6000_8.3.3\lib\</path>
         <kind>archive</kind>
         <file>rts6740_elf.lib</file>
         <name>frcmpyd_div.c.obj</name>
      </input_file>
      <input_file id="fl-5f">
         <path>C:\ti\ccs910\ccs\tools\compiler\ti-cgt-c6000_8.3.3\lib\</path>
         <kind>archive</kind>
         <file>rts6740_elf.lib</file>
         <name>divf.c.obj</name>
      </input_file>
      <input_file id="fl-60">
         <path>C:\ti\ccs910\ccs\tools\compiler\ti-cgt-c6000_8.3.3\lib\</path>
         <kind>archive</kind>
         <file>rts6740_elf.lib</file>
         <name>exit.c.obj</name>
      </input_file>
      <input_file id="fl-61">
         <path>C:\ti\ccs910\ccs\tools\compiler\ti-cgt-c6000_8.3.3\lib\</path>
         <kind>archive</kind>
         <file>rts6740_elf.lib</file>
         <name>memory.c.obj</name>
      </input_file>
      <input_file id="fl-62">
         <path>C:\ti\ccs910\ccs\tools\compiler\ti-cgt-c6000_8.3.3\lib\</path>
         <kind>archive</kind>
         <file>rts6740_elf.lib</file>
         <name>_lock.c.obj</name>
      </input_file>
      <input_file id="fl-63">
         <path>C:\ti\ccs910\ccs\tools\compiler\ti-cgt-c6000_8.3.3\lib\</path>
         <kind>archive</kind>
         <file>rts6740_elf.lib</file>
         <name>_ltoa.c.obj</name>
      </input_file>
      <input_file id="fl-64">
         <path>C:\ti\ccs910\ccs\tools\compiler\ti-cgt-c6000_8.3.3\lib\</path>
         <kind>archive</kind>
         <file>rts6740_elf.lib</file>
         <name>args_main.c.obj</name>
      </input_file>
      <input_file id="fl-65">
         <path>C:\ti\ccs910\ccs\tools\compiler\ti-cgt-c6000_8.3.3\lib\</path>
         <kind>archive</kind>
         <file>rts6740_elf.lib</file>
         <name>atoi.c.obj</name>
      </input_file>
      <input_file id="fl-66">
         <path>C:\ti\ccs910\ccs\tools\compiler\ti-cgt-c6000_8.3.3\lib\</path>
         <kind>archive</kind>
         <file>rts6740_elf.lib</file>
         <name>ctype.c.obj</name>
      </input_file>
      <input_file id="fl-67">
         <path>C:\ti\ccs910\ccs\tools\compiler\ti-cgt-c6000_8.3.3\lib\</path>
         <kind>archive</kind>
         <file>rts6740_elf.lib</file>
         <name>defs.c.obj</name>
      </input_file>
      <input_file id="fl-68">
         <path>C:\ti\ccs910\ccs\tools\compiler\ti-cgt-c6000_8.3.3\lib\</path>
         <kind>archive</kind>
         <file>rts6740_elf.lib</file>
         <name>memccpy.c.obj</name>
      </input_file>
      <input_file id="fl-69">
         <path>C:\ti\ccs910\ccs\tools\compiler\ti-cgt-c6000_8.3.3\lib\</path>
         <kind>archive</kind>
         <file>rts6740_elf.lib</file>
         <name>read.c.obj</name>
      </input_file>
      <input_file id="fl-6a">
         <path>C:\ti\ccs910\ccs\tools\compiler\ti-cgt-c6000_8.3.3\lib\</path>
         <kind>archive</kind>
         <file>rts6740_elf.lib</file>
         <name>write.c.obj</name>
      </input_file>
      <input_file id="fl-6b">
         <path>C:\ti\ccs910\ccs\tools\compiler\ti-cgt-c6000_8.3.3\lib\</path>
         <kind>archive</kind>
         <file>rts6740_elf.lib</file>
         <name>tls.c.obj</name>
      </input_file>
      <input_file id="fl-6c">
         <path>C:\ti\ccs910\ccs\tools\compiler\ti-cgt-c6000_8.3.3\lib\</path>
         <kind>archive</kind>
         <file>rts6740_elf.lib</file>
         <name>llabs.c.obj</name>
      </input_file>
      <input_file id="fl-6d">
         <path>C:\ti\ccs910\ccs\tools\compiler\ti-cgt-c6000_8.3.3\lib\</path>
         <kind>archive</kind>
         <file>rts6740_elf.lib</file>
         <name>errno.c.obj</name>
      </input_file>
      <input_file id="fl-6e">
         <path>C:\ti\ccs910\ccs\tools\compiler\ti-cgt-c6000_8.3.3\lib\</path>
         <kind>archive</kind>
         <file>rts6740_elf.lib</file>
         <name>k_exp.c.obj</name>
      </input_file>
      <input_file id="fl-6f">
         <path>C:\ti\ccs910\ccs\tools\compiler\ti-cgt-c6000_8.3.3\lib\</path>
         <kind>archive</kind>
         <file>rts6740_elf.lib</file>
         <name>e_hypot.c.obj</name>
      </input_file>
      <input_file id="fl-70">
         <path>C:\ti\ccs910\ccs\tools\compiler\ti-cgt-c6000_8.3.3\lib\</path>
         <kind>archive</kind>
         <file>rts6740_elf.lib</file>
         <name>wcslen.c.obj</name>
      </input_file>
      <input_file id="fl-71">
         <path>C:\ti\ccs910\ccs\tools\compiler\ti-cgt-c6000_8.3.3\lib\</path>
         <kind>archive</kind>
         <file>rts6740_elf.lib</file>
         <name>_scanfi.c.obj</name>
      </input_file>
      <input_file id="fl-72">
         <path>C:\ti\ccs910\ccs\tools\compiler\ti-cgt-c6000_8.3.3\lib\</path>
         <kind>archive</kind>
         <file>rts6740_elf.lib</file>
         <name>fflush.c.obj</name>
      </input_file>
      <input_file id="fl-73">
         <path>C:\ti\ccs910\ccs\tools\compiler\ti-cgt-c6000_8.3.3\lib\</path>
         <kind>archive</kind>
         <file>rts6740_elf.lib</file>
         <name>fopen.c.obj</name>
      </input_file>
      <input_file id="fl-74">
         <path>C:\ti\ccs910\ccs\tools\compiler\ti-cgt-c6000_8.3.3\lib\</path>
         <kind>archive</kind>
         <file>rts6740_elf.lib</file>
         <name>fseek.c.obj</name>
      </input_file>
      <input_file id="fl-75">
         <path>C:\ti\ccs910\ccs\tools\compiler\ti-cgt-c6000_8.3.3\lib\</path>
         <kind>archive</kind>
         <file>rts6740_elf.lib</file>
         <name>tls_get_tp.asm.obj</name>
      </input_file>
      <input_file id="fl-76">
         <path>C:\ti\ccs910\ccs\tools\compiler\ti-cgt-c6000_8.3.3\lib\</path>
         <kind>archive</kind>
         <file>rts6740_elf.lib</file>
         <name>sqrt.c.obj</name>
      </input_file>
      <input_file id="fl-77">
         <path>C:\ti\ccs910\ccs\tools\compiler\ti-cgt-c6000_8.3.3\lib\</path>
         <kind>archive</kind>
         <file>rts6740_elf.lib</file>
         <name>lseek.c.obj</name>
      </input_file>
      <input_file id="fl-78">
         <path>C:\ti\ccs910\ccs\tools\compiler\ti-cgt-c6000_8.3.3\lib\</path>
         <kind>archive</kind>
         <file>rts6740_elf.lib</file>
         <name>open.c.obj</name>
      </input_file>
      <input_file id="fl-79">
         <path>C:\ti\ccs910\ccs\tools\compiler\ti-cgt-c6000_8.3.3\lib\</path>
         <kind>archive</kind>
         <file>rts6740_elf.lib</file>
         <name>strtod.c.obj</name>
      </input_file>
      <input_file id="fl-7a">
         <path>C:\ti\ccs910\ccs\tools\compiler\ti-cgt-c6000_8.3.3\lib\</path>
         <kind>archive</kind>
         <file>rts6740_elf.lib</file>
         <name>strtol.c.obj</name>
      </input_file>
      <input_file id="fl-7b">
         <path>C:\ti\ccs910\ccs\tools\compiler\ti-cgt-c6000_8.3.3\lib\</path>
         <kind>archive</kind>
         <file>rts6740_elf.lib</file>
         <name>strtoll.c.obj</name>
      </input_file>
      <input_file id="fl-7c">
         <path>C:\ti\ccs910\ccs\tools\compiler\ti-cgt-c6000_8.3.3\lib\</path>
         <kind>archive</kind>
         <file>rts6740_elf.lib</file>
         <name>strtoul.c.obj</name>
      </input_file>
      <input_file id="fl-7d">
         <path>C:\ti\ccs910\ccs\tools\compiler\ti-cgt-c6000_8.3.3\lib\</path>
         <kind>archive</kind>
         <file>rts6740_elf.lib</file>
         <name>strtoull.c.obj</name>
      </input_file>
      <input_file id="fl-7e">
         <path>C:\ti\ccs910\ccs\tools\compiler\ti-cgt-c6000_8.3.3\lib\</path>
         <kind>archive</kind>
         <file>rts6740_elf.lib</file>
         <name>hostclose.c.obj</name>
      </input_file>
      <input_file id="fl-7f">
         <path>C:\ti\ccs910\ccs\tools\compiler\ti-cgt-c6000_8.3.3\lib\</path>
         <kind>archive</kind>
         <file>rts6740_elf.lib</file>
         <name>hostlseek.c.obj</name>
      </input_file>
      <input_file id="fl-80">
         <path>C:\ti\ccs910\ccs\tools\compiler\ti-cgt-c6000_8.3.3\lib\</path>
         <kind>archive</kind>
         <file>rts6740_elf.lib</file>
         <name>hostopen.c.obj</name>
      </input_file>
      <input_file id="fl-81">
         <path>C:\ti\ccs910\ccs\tools\compiler\ti-cgt-c6000_8.3.3\lib\</path>
         <kind>archive</kind>
         <file>rts6740_elf.lib</file>
         <name>hostread.c.obj</name>
      </input_file>
      <input_file id="fl-82">
         <path>C:\ti\ccs910\ccs\tools\compiler\ti-cgt-c6000_8.3.3\lib\</path>
         <kind>archive</kind>
         <file>rts6740_elf.lib</file>
         <name>hostrename.c.obj</name>
      </input_file>
      <input_file id="fl-83">
         <path>C:\ti\ccs910\ccs\tools\compiler\ti-cgt-c6000_8.3.3\lib\</path>
         <kind>archive</kind>
         <file>rts6740_elf.lib</file>
         <name>hostunlink.c.obj</name>
      </input_file>
      <input_file id="fl-84">
         <path>C:\ti\ccs910\ccs\tools\compiler\ti-cgt-c6000_8.3.3\lib\</path>
         <kind>archive</kind>
         <file>rts6740_elf.lib</file>
         <name>hostwrite.c.obj</name>
      </input_file>
      <input_file id="fl-85">
         <path>C:\ti\ccs910\ccs\tools\compiler\ti-cgt-c6000_8.3.3\lib\</path>
         <kind>archive</kind>
         <file>rts6740_elf.lib</file>
         <name>trgmsg.c.obj</name>
      </input_file>
      <input_file id="fl-86">
         <path>C:\ti\ccs910\ccs\tools\compiler\ti-cgt-c6000_8.3.3\lib\</path>
         <kind>archive</kind>
         <file>rts6740_elf.lib</file>
         <name>fclose.c.obj</name>
      </input_file>
      <input_file id="fl-87">
         <path>C:\ti\ccs910\ccs\tools\compiler\ti-cgt-c6000_8.3.3\lib\</path>
         <kind>archive</kind>
         <file>rts6740_elf.lib</file>
         <name>getdevice.c.obj</name>
      </input_file>
      <input_file id="fl-88">
         <path>C:\ti\ccs910\ccs\tools\compiler\ti-cgt-c6000_8.3.3\lib\</path>
         <kind>archive</kind>
         <file>rts6740_elf.lib</file>
         <name>close.c.obj</name>
      </input_file>
      <input_file id="fl-89">
         <path>C:\ti\ccs910\ccs\tools\compiler\ti-cgt-c6000_8.3.3\lib\</path>
         <kind>archive</kind>
         <file>rts6740_elf.lib</file>
         <name>remove.c.obj</name>
      </input_file>
      <input_file id="fl-8a">
         <path>C:\ti\ccs910\ccs\tools\compiler\ti-cgt-c6000_8.3.3\lib\</path>
         <kind>archive</kind>
         <file>rts6740_elf.lib</file>
         <name>unlink.c.obj</name>
      </input_file>
   </input_file_list>
   <object_component_list>
      <object_component id="oc-273">
         <name>.text:__TI_printfi</name>
         <load_address>0x80000000</load_address>
         <run_address>0x80000000</run_address>
         <size>0x2040</size>
         <input_file_ref idref="fl-37"/>
      </object_component>
      <object_component id="oc-16f">
         <name>.text</name>
         <load_address>0x80002040</load_address>
         <run_address>0x80002040</run_address>
         <size>0x17e0</size>
         <input_file_ref idref="fl-8"/>
      </object_component>
      <object_component id="oc-30">
         <name>.text:retain</name>
         <load_address>0x80003820</load_address>
         <run_address>0x80003820</run_address>
         <size>0x1240</size>
         <input_file_ref idref="fl-e"/>
      </object_component>
      <object_component id="oc-a0">
         <name>.text</name>
         <load_address>0x80004a60</load_address>
         <run_address>0x80004a60</run_address>
         <size>0x1120</size>
         <input_file_ref idref="fl-10"/>
      </object_component>
      <object_component id="oc-169">
         <name>.text</name>
         <load_address>0x80005b80</load_address>
         <run_address>0x80005b80</run_address>
         <size>0x10a0</size>
         <input_file_ref idref="fl-12"/>
      </object_component>
      <object_component id="oc-121">
         <name>.text:pow</name>
         <load_address>0x80006c20</load_address>
         <run_address>0x80006c20</run_address>
         <size>0x840</size>
         <input_file_ref idref="fl-58"/>
      </object_component>
      <object_component id="oc-364">
         <name>.text:_pconv_a</name>
         <load_address>0x80007460</load_address>
         <run_address>0x80007460</run_address>
         <size>0x660</size>
         <input_file_ref idref="fl-37"/>
      </object_component>
      <object_component id="oc-17b">
         <name>.text</name>
         <load_address>0x80007ac0</load_address>
         <run_address>0x80007ac0</run_address>
         <size>0x620</size>
         <input_file_ref idref="fl-e"/>
      </object_component>
      <object_component id="oc-127">
         <name>.text:__c6xabi_divd</name>
         <load_address>0x800080e0</load_address>
         <run_address>0x800080e0</run_address>
         <size>0x5e0</size>
         <input_file_ref idref="fl-5d"/>
      </object_component>
      <object_component id="oc-104">
         <name>.text</name>
         <load_address>0x800086c0</load_address>
         <run_address>0x800086c0</run_address>
         <size>0x5c0</size>
         <input_file_ref idref="fl-b"/>
      </object_component>
      <object_component id="oc-157">
         <name>.text</name>
         <load_address>0x80008c80</load_address>
         <run_address>0x80008c80</run_address>
         <size>0x5c0</size>
         <input_file_ref idref="fl-15"/>
      </object_component>
      <object_component id="oc-29c">
         <name>.text</name>
         <load_address>0x80009240</load_address>
         <run_address>0x80009240</run_address>
         <size>0x540</size>
         <input_file_ref idref="fl-d"/>
      </object_component>
      <object_component id="oc-181">
         <name>.text</name>
         <load_address>0x80009780</load_address>
         <run_address>0x80009780</run_address>
         <size>0x4a0</size>
         <input_file_ref idref="fl-6"/>
      </object_component>
      <object_component id="oc-187">
         <name>.text</name>
         <load_address>0x80009c20</load_address>
         <run_address>0x80009c20</run_address>
         <size>0x480</size>
         <input_file_ref idref="fl-4"/>
      </object_component>
      <object_component id="oc-352">
         <name>.text:_pconv_g</name>
         <load_address>0x8000a0a0</load_address>
         <run_address>0x8000a0a0</run_address>
         <size>0x400</size>
         <input_file_ref idref="fl-37"/>
      </object_component>
      <object_component id="oc-27b">
         <name>.text:hypot</name>
         <load_address>0x8000a4a0</load_address>
         <run_address>0x8000a4a0</run_address>
         <size>0x340</size>
         <input_file_ref idref="fl-6f"/>
      </object_component>
      <object_component id="oc-23b">
         <name>.text:cos</name>
         <load_address>0x8000a7e0</load_address>
         <run_address>0x8000a7e0</run_address>
         <size>0x320</size>
         <input_file_ref idref="fl-52"/>
      </object_component>
      <object_component id="oc-241">
         <name>.text:sin</name>
         <load_address>0x8000ab00</load_address>
         <run_address>0x8000ab00</run_address>
         <size>0x2e0</size>
         <input_file_ref idref="fl-5a"/>
      </object_component>
      <object_component id="oc-35e">
         <name>.text:_pconv_e</name>
         <load_address>0x8000ade0</load_address>
         <run_address>0x8000ade0</run_address>
         <size>0x2a0</size>
         <input_file_ref idref="fl-37"/>
      </object_component>
      <object_component id="oc-42b">
         <name>.text:fcvt</name>
         <load_address>0x8000b080</load_address>
         <run_address>0x8000b080</run_address>
         <size>0x2a0</size>
         <input_file_ref idref="fl-37"/>
      </object_component>
      <object_component id="oc-235">
         <name>.text:exp</name>
         <load_address>0x8000b320</load_address>
         <run_address>0x8000b320</run_address>
         <size>0x280</size>
         <input_file_ref idref="fl-53"/>
      </object_component>
      <object_component id="oc-408">
         <name>.text:__c6xabi_divull</name>
         <load_address>0x8000b5a0</load_address>
         <run_address>0x8000b5a0</run_address>
         <size>0x260</size>
         <input_file_ref idref="fl-48"/>
      </object_component>
      <object_component id="oc-133">
         <name>.text:cexp</name>
         <load_address>0x8000b800</load_address>
         <run_address>0x8000b800</run_address>
         <size>0x220</size>
         <input_file_ref idref="fl-34"/>
      </object_component>
      <object_component id="oc-33a">
         <name>.text:_ltostr</name>
         <load_address>0x8000ba20</load_address>
         <run_address>0x8000ba20</run_address>
         <size>0x200</size>
         <input_file_ref idref="fl-37"/>
      </object_component>
      <object_component id="oc-40e">
         <name>.text:__c6xabi_divul</name>
         <load_address>0x8000bc20</load_address>
         <run_address>0x8000bc20</run_address>
         <size>0x1c0</size>
         <input_file_ref idref="fl-47"/>
      </object_component>
      <object_component id="oc-1f9">
         <name>.text:frexp</name>
         <load_address>0x8000bde0</load_address>
         <run_address>0x8000bde0</run_address>
         <size>0x1c0</size>
         <input_file_ref idref="fl-54"/>
      </object_component>
      <object_component id="oc-21d">
         <name>.text:__c6xabi_llshru</name>
         <load_address>0x8000bfa0</load_address>
         <run_address>0x8000bfa0</run_address>
         <size>0x60</size>
         <input_file_ref idref="fl-49"/>
      </object_component>
      <object_component id="oc-26">
         <name>.text</name>
         <load_address>0x8000c000</load_address>
         <run_address>0x8000c000</run_address>
         <size>0x200</size>
         <input_file_ref idref="fl-f"/>
      </object_component>
      <object_component id="oc-1ff">
         <name>.text:ldexp</name>
         <load_address>0x8000c200</load_address>
         <run_address>0x8000c200</run_address>
         <size>0x180</size>
         <input_file_ref idref="fl-56"/>
      </object_component>
      <object_component id="oc-151">
         <name>.text</name>
         <load_address>0x8000c380</load_address>
         <run_address>0x8000c380</run_address>
         <size>0x180</size>
         <input_file_ref idref="fl-14"/>
      </object_component>
      <object_component id="oc-14b">
         <name>.text</name>
         <load_address>0x8000c500</load_address>
         <run_address>0x8000c500</run_address>
         <size>0x160</size>
         <input_file_ref idref="fl-13"/>
      </object_component>
      <object_component id="oc-395">
         <name>.text:sqrt</name>
         <load_address>0x8000c660</load_address>
         <run_address>0x8000c660</run_address>
         <size>0x160</size>
         <input_file_ref idref="fl-76"/>
      </object_component>
      <object_component id="oc-358">
         <name>.text:_pconv_f</name>
         <load_address>0x8000c7c0</load_address>
         <run_address>0x8000c7c0</run_address>
         <size>0x120</size>
         <input_file_ref idref="fl-37"/>
      </object_component>
      <object_component id="oc-48">
         <name>.text:__TI_decompress_rle_core</name>
         <load_address>0x8000c8e0</load_address>
         <run_address>0x8000c8e0</run_address>
         <size>0x100</size>
         <input_file_ref idref="fl-51"/>
      </object_component>
      <object_component id="oc-247">
         <name>.text:__ldexp_cexp</name>
         <load_address>0x8000c9e0</load_address>
         <run_address>0x8000c9e0</run_address>
         <size>0x100</size>
         <input_file_ref idref="fl-6e"/>
      </object_component>
      <object_component id="oc-424">
         <name>.text:_mcpy</name>
         <load_address>0x8000cae0</load_address>
         <run_address>0x8000cae0</run_address>
         <size>0x100</size>
         <input_file_ref idref="fl-37"/>
      </object_component>
      <object_component id="oc-334">
         <name>.text:atoi</name>
         <load_address>0x8000cbe0</load_address>
         <run_address>0x8000cbe0</run_address>
         <size>0x100</size>
         <input_file_ref idref="fl-65"/>
      </object_component>
      <object_component id="oc-418">
         <name>.text:__TI_ltoa</name>
         <load_address>0x8000cce0</load_address>
         <run_address>0x8000cce0</run_address>
         <size>0xe0</size>
         <input_file_ref idref="fl-63"/>
      </object_component>
      <object_component id="oc-66">
         <name>.text:exit</name>
         <load_address>0x8000cdc0</load_address>
         <run_address>0x8000cdc0</run_address>
         <size>0xe0</size>
         <input_file_ref idref="fl-60"/>
      </object_component>
      <object_component id="oc-8c">
         <name>.text:memset</name>
         <load_address>0x8000cea0</load_address>
         <run_address>0x8000cea0</run_address>
         <size>0xe0</size>
         <input_file_ref idref="fl-4a"/>
      </object_component>
      <object_component id="oc-b4">
         <name>.text:__TI_auto_init_nobinit_nopinit:__TI_auto_init_nobinit_nopinit</name>
         <load_address>0x8000cf80</load_address>
         <run_address>0x8000cf80</run_address>
         <size>0xc0</size>
         <input_file_ref idref="fl-4b"/>
      </object_component>
      <object_component id="oc-260">
         <name>.text:__divu</name>
         <load_address>0x8000d040</load_address>
         <run_address>0x8000d040</run_address>
         <size>0xc0</size>
         <input_file_ref idref="fl-43"/>
      </object_component>
      <object_component id="oc-211">
         <name>.text:modf</name>
         <load_address>0x8000d100</load_address>
         <run_address>0x8000d100</run_address>
         <size>0xc0</size>
         <input_file_ref idref="fl-57"/>
      </object_component>
      <object_component id="oc-1c3">
         <name>.text:tls:init:__TI_tls_init</name>
         <load_address>0x8000d1c0</load_address>
         <run_address>0x8000d1c0</run_address>
         <size>0xc0</size>
         <input_file_ref idref="fl-6b"/>
      </object_component>
      <object_component id="oc-205">
         <name>.text:__c6xabi_nround</name>
         <load_address>0x8000d280</load_address>
         <run_address>0x8000d280</run_address>
         <size>0xa0</size>
         <input_file_ref idref="fl-59"/>
      </object_component>
      <object_component id="oc-116">
         <name>.text:__remu</name>
         <load_address>0x8000d320</load_address>
         <run_address>0x8000d320</run_address>
         <size>0xa0</size>
         <input_file_ref idref="fl-45"/>
      </object_component>
      <object_component id="oc-41e">
         <name>.text:_ecpy</name>
         <load_address>0x8000d3c0</load_address>
         <run_address>0x8000d3c0</run_address>
         <size>0xa0</size>
         <input_file_ref idref="fl-37"/>
      </object_component>
      <object_component id="oc-10a">
         <name>.text</name>
         <load_address>0x8000d460</load_address>
         <run_address>0x8000d460</run_address>
         <size>0xa0</size>
         <input_file_ref idref="fl-c"/>
      </object_component>
      <object_component id="oc-3c">
         <name>.text:memcpy</name>
         <load_address>0x8000d500</load_address>
         <run_address>0x8000d500</run_address>
         <size>0xa0</size>
         <input_file_ref idref="fl-44"/>
      </object_component>
      <object_component id="oc-459">
         <name>.text:__c6xabi_llshl</name>
         <load_address>0x8000d5a0</load_address>
         <run_address>0x8000d5a0</run_address>
         <size>0x80</size>
         <input_file_ref idref="fl-49"/>
      </object_component>
      <object_component id="oc-25">
         <name>.text:_c_int00</name>
         <load_address>0x8000d620</load_address>
         <run_address>0x8000d620</run_address>
         <size>0x80</size>
         <input_file_ref idref="fl-46"/>
      </object_component>
      <object_component id="oc-175">
         <name>.text</name>
         <load_address>0x8000d6a0</load_address>
         <run_address>0x8000d6a0</run_address>
         <size>0x80</size>
         <input_file_ref idref="fl-a"/>
      </object_component>
      <object_component id="oc-110">
         <name>.text</name>
         <load_address>0x8000d720</load_address>
         <run_address>0x8000d720</run_address>
         <size>0x80</size>
         <input_file_ref idref="fl-11"/>
      </object_component>
      <object_component id="oc-139">
         <name>.text:__c99_complex_double_multiply</name>
         <load_address>0x8000d7a0</load_address>
         <run_address>0x8000d7a0</run_address>
         <size>0x60</size>
         <input_file_ref idref="fl-35"/>
      </object_component>
      <object_component id="oc-30e">
         <name>.text:__frexp_exp</name>
         <load_address>0x8000d800</load_address>
         <run_address>0x8000d800</run_address>
         <size>0x60</size>
         <input_file_ref idref="fl-6e"/>
      </object_component>
      <object_component id="oc-45f">
         <name>.text:_subcull</name>
         <load_address>0x8000d860</load_address>
         <run_address>0x8000d860</run_address>
         <size>0x60</size>
         <input_file_ref idref="fl-48"/>
      </object_component>
      <object_component id="oc-36a">
         <name>.text:memccpy</name>
         <load_address>0x8000d8c0</load_address>
         <run_address>0x8000d8c0</run_address>
         <size>0x60</size>
         <input_file_ref idref="fl-68"/>
      </object_component>
      <object_component id="oc-15d">
         <name>.text:sprintf</name>
         <load_address>0x8000d920</load_address>
         <run_address>0x8000d920</run_address>
         <size>0x60</size>
         <input_file_ref idref="fl-38"/>
      </object_component>
      <object_component id="oc-223">
         <name>.text:__TI_frcmpyd_div</name>
         <load_address>0x8000d980</load_address>
         <run_address>0x8000d980</run_address>
         <size>0x40</size>
         <input_file_ref idref="fl-5e"/>
      </object_component>
      <object_component id="oc-346">
         <name>.text:__c6xabi_isinf</name>
         <load_address>0x8000d9c0</load_address>
         <run_address>0x8000d9c0</run_address>
         <size>0x40</size>
         <input_file_ref idref="fl-55"/>
      </object_component>
      <object_component id="oc-340">
         <name>.text:__c6xabi_isnan</name>
         <load_address>0x8000da00</load_address>
         <run_address>0x8000da00</run_address>
         <size>0x40</size>
         <input_file_ref idref="fl-37"/>
      </object_component>
      <object_component id="oc-145">
         <name>.text:__c99_complex_double_add</name>
         <load_address>0x8000da40</load_address>
         <run_address>0x8000da40</run_address>
         <size>0x40</size>
         <input_file_ref idref="fl-35"/>
      </object_component>
      <object_component id="oc-13f">
         <name>.text:__c99_complex_double_subtract</name>
         <load_address>0x8000da80</load_address>
         <run_address>0x8000da80</run_address>
         <size>0x40</size>
         <input_file_ref idref="fl-35"/>
      </object_component>
      <object_component id="oc-60">
         <name>.text:_args_main</name>
         <load_address>0x8000dac0</load_address>
         <run_address>0x8000dac0</run_address>
         <size>0x40</size>
         <input_file_ref idref="fl-64"/>
      </object_component>
      <object_component id="oc-26d">
         <name>.text:_outs</name>
         <load_address>0x8000db00</load_address>
         <run_address>0x8000db00</run_address>
         <size>0x40</size>
         <input_file_ref idref="fl-38"/>
      </object_component>
      <object_component id="oc-370">
         <name>.text:wcslen</name>
         <load_address>0x8000db40</load_address>
         <run_address>0x8000db40</run_address>
         <size>0x40</size>
         <input_file_ref idref="fl-70"/>
      </object_component>
      <object_component id="oc-1f3">
         <name>.text:__c6xabi_errno_addr</name>
         <load_address>0x8000db80</load_address>
         <run_address>0x8000db80</run_address>
         <size>0x20</size>
         <input_file_ref idref="fl-6d"/>
      </object_component>
      <object_component id="oc-20b">
         <name>.text:__c6xabi_trunc</name>
         <load_address>0x8000dba0</load_address>
         <run_address>0x8000dba0</run_address>
         <size>0x20</size>
         <input_file_ref idref="fl-5b"/>
      </object_component>
      <object_component id="oc-11b">
         <name>.text:__c99_double_to_cdouble</name>
         <load_address>0x8000dbc0</load_address>
         <run_address>0x8000dbc0</run_address>
         <size>0x20</size>
         <input_file_ref idref="fl-35"/>
      </object_component>
      <object_component id="oc-12d">
         <name>.text:__c99_idouble_to_cdouble</name>
         <load_address>0x8000dbe0</load_address>
         <run_address>0x8000dbe0</run_address>
         <size>0x20</size>
         <input_file_ref idref="fl-35"/>
      </object_component>
      <object_component id="oc-376">
         <name>.text:__pop_rts</name>
         <load_address>0x8000dc00</load_address>
         <run_address>0x8000dc00</run_address>
         <size>0x20</size>
         <input_file_ref idref="fl-42"/>
      </object_component>
      <object_component id="oc-32f">
         <name>.text:__push_rts</name>
         <load_address>0x8000dc20</load_address>
         <run_address>0x8000dc20</run_address>
         <size>0x20</size>
         <input_file_ref idref="fl-42"/>
      </object_component>
      <object_component id="oc-267">
         <name>.text:_outc</name>
         <load_address>0x8000dc40</load_address>
         <run_address>0x8000dc40</run_address>
         <size>0x20</size>
         <input_file_ref idref="fl-38"/>
      </object_component>
      <object_component id="oc-34c">
         <name>.text:_signbit</name>
         <load_address>0x8000dc60</load_address>
         <run_address>0x8000dc60</run_address>
         <size>0x20</size>
         <input_file_ref idref="fl-5c"/>
      </object_component>
      <object_component id="oc-1bd">
         <name>.text:_system_post_cinit</name>
         <load_address>0x8000dc80</load_address>
         <run_address>0x8000dc80</run_address>
         <size>0x20</size>
         <input_file_ref idref="fl-4d"/>
      </object_component>
      <object_component id="oc-6c">
         <name>.text:_system_pre_init</name>
         <load_address>0x8000dca0</load_address>
         <run_address>0x8000dca0</run_address>
         <size>0x20</size>
         <input_file_ref idref="fl-4c"/>
      </object_component>
      <object_component id="oc-ab">
         <name>.text:abort</name>
         <load_address>0x8000dcc0</load_address>
         <run_address>0x8000dcc0</run_address>
         <size>0x20</size>
         <input_file_ref idref="fl-60"/>
      </object_component>
      <object_component id="oc-163">
         <name>.text:cabs</name>
         <load_address>0x8000dce0</load_address>
         <run_address>0x8000dce0</run_address>
         <size>0x20</size>
         <input_file_ref idref="fl-41"/>
      </object_component>
      <object_component id="oc-18">
         <name>.text:decompress:none:__TI_decompress_none</name>
         <load_address>0x8000dd00</load_address>
         <run_address>0x8000dd00</run_address>
         <size>0x20</size>
         <input_file_ref idref="fl-50"/>
      </object_component>
      <object_component id="oc-1e">
         <name>.text:decompress:rle24:__TI_decompress_rle24</name>
         <load_address>0x8000dd20</load_address>
         <run_address>0x8000dd20</run_address>
         <size>0x20</size>
         <input_file_ref idref="fl-51"/>
      </object_component>
      <object_component id="oc-289">
         <name>.text</name>
         <load_address>0x8000dd40</load_address>
         <run_address>0x8000dd40</run_address>
         <size>0x20</size>
         <input_file_ref idref="fl-9"/>
      </object_component>
      <object_component id="oc-36">
         <name>.stack</name>
         <uninitialized>true</uninitialized>
         <run_address>0x8001b3b0</run_address>
         <size>0x8</size>
         <input_file_ref idref="fl-46"/>
      </object_component>
      <object_component id="oc-4c3">
         <name>.stack</name>
         <uninitialized>true</uninitialized>
         <run_address>0x8001b3b0</run_address>
         <size>0x0</size>
      </object_component>
      <object_component id="oc-298">
         <name>.common:savedBase</name>
         <uninitialized>true</uninitialized>
         <run_address>0x8001c7cc</run_address>
         <size>0x4</size>
      </object_component>
      <object_component id="oc-286">
         <name>.common:regionId</name>
         <uninitialized>true</uninitialized>
         <run_address>0x8001c7c8</run_address>
         <size>0x4</size>
      </object_component>
      <object_component id="oc-19d">
         <name>.common:txdata</name>
         <uninitialized>true</uninitialized>
         <run_address>0x8001c7d0</run_address>
         <size>0x2</size>
      </object_component>
      <object_component id="oc-403">
         <name>.const:.string:_ctypes_</name>
         <load_address>0x8001c5b8</load_address>
         <run_address>0x8001c5b8</run_address>
         <size>0x101</size>
         <input_file_ref idref="fl-66"/>
      </object_component>
      <object_component id="oc-37b">
         <name>.const:.string</name>
         <load_address>0x8001c6bc</load_address>
         <run_address>0x8001c6bc</run_address>
         <size>0x24</size>
         <input_file_ref idref="fl-37"/>
      </object_component>
      <object_component id="oc-1a3">
         <name>.const:rxDefaultPar</name>
         <load_address>0x8001c6e0</load_address>
         <run_address>0x8001c6e0</run_address>
         <size>0x20</size>
         <input_file_ref idref="fl-10"/>
      </object_component>
      <object_component id="oc-1a0">
         <name>.const:txDefaultPar</name>
         <load_address>0x8001c700</load_address>
         <run_address>0x8001c700</run_address>
         <size>0x20</size>
         <input_file_ref idref="fl-10"/>
      </object_component>
      <object_component id="oc-190">
         <name>.const:rxBufPtr</name>
         <load_address>0x8001c720</load_address>
         <run_address>0x8001c720</run_address>
         <size>0xc</size>
         <input_file_ref idref="fl-10"/>
      </object_component>
      <object_component id="oc-19e">
         <name>.const:.string</name>
         <load_address>0x8001c72c</load_address>
         <run_address>0x8001c72c</run_address>
         <size>0x8</size>
         <input_file_ref idref="fl-10"/>
      </object_component>
      <object_component id="oc-37c">
         <name>.switch:__TI_printfi</name>
         <load_address>0x8001c734</load_address>
         <run_address>0x8001c734</run_address>
         <size>0x38</size>
         <input_file_ref idref="fl-37"/>
      </object_component>
      <object_component id="oc-1ed">
         <name>.switch:GPIOIntTypeSet</name>
         <load_address>0x8001c76c</load_address>
         <run_address>0x8001c76c</run_address>
         <size>0x10</size>
         <input_file_ref idref="fl-b"/>
      </object_component>
      <object_component id="oc-19c">
         <name>.switch:main</name>
         <load_address>0x8001c77c</load_address>
         <run_address>0x8001c77c</run_address>
         <size>0x10</size>
         <input_file_ref idref="fl-10"/>
      </object_component>
      <object_component id="oc-39">
         <name>.sysmem</name>
         <uninitialized>true</uninitialized>
         <run_address>0x8001bbb0</run_address>
         <size>0x8</size>
         <input_file_ref idref="fl-61"/>
      </object_component>
      <object_component id="oc-4c4">
         <name>.sysmem</name>
         <uninitialized>true</uninitialized>
         <run_address>0x8001bbb0</run_address>
         <size>0x0</size>
      </object_component>
      <object_component id="oc-75">
         <name>.far:c674xISRtbl</name>
         <uninitialized>true</uninitialized>
         <run_address>0x8001b360</run_address>
         <size>0x40</size>
         <input_file_ref idref="fl-e"/>
      </object_component>
      <object_component id="oc-291">
         <name>.far:c674xECMtbl</name>
         <uninitialized>true</uninitialized>
         <run_address>0x8001b160</run_address>
         <size>0x200</size>
         <input_file_ref idref="fl-e"/>
      </object_component>
      <object_component id="oc-2a6">
         <name>.far:rxBuf0</name>
         <uninitialized>true</uninitialized>
         <run_address>0x80011d60</run_address>
         <size>0x2000</size>
         <input_file_ref idref="fl-10"/>
      </object_component>
      <object_component id="oc-2a9">
         <name>.far:rxBuf1</name>
         <uninitialized>true</uninitialized>
         <run_address>0x80013d60</run_address>
         <size>0x2000</size>
         <input_file_ref idref="fl-10"/>
      </object_component>
      <object_component id="oc-2ac">
         <name>.far:rxBuf2</name>
         <uninitialized>true</uninitialized>
         <run_address>0x80015d60</run_address>
         <size>0x2000</size>
         <input_file_ref idref="fl-10"/>
      </object_component>
      <object_component id="oc-193">
         <name>.far:tempBuf</name>
         <uninitialized>true</uninitialized>
         <run_address>0x80017d60</run_address>
         <size>0x2000</size>
         <input_file_ref idref="fl-10"/>
      </object_component>
      <object_component id="oc-29b">
         <name>.common:slaveData</name>
         <uninitialized>true</uninitialized>
         <run_address>0x8001b3a0</run_address>
         <size>0xc</size>
      </object_component>
      <object_component id="oc-196">
         <name>.common:txArrayN</name>
         <uninitialized>true</uninitialized>
         <run_address>0x8001a560</run_address>
         <size>0x800</size>
      </object_component>
      <object_component id="oc-19f">
         <name>.common:ASCII</name>
         <uninitialized>true</uninitialized>
         <run_address>0x8001ad60</run_address>
         <size>0x400</size>
      </object_component>
      <object_component id="oc-19a">
         <name>.common:Reversed</name>
         <uninitialized>true</uninitialized>
         <run_address>0x80019d60</run_address>
         <size>0x800</size>
      </object_component>
      <object_component id="oc-19b">
         <name>.common:FFTReversed</name>
         <uninitialized>true</uninitialized>
         <run_address>0x8000dd60</run_address>
         <size>0x4000</size>
      </object_component>
      <object_component id="oc-4c2">
         <name>.cinit..fardata.load</name>
         <load_address>0x8001c7d8</load_address>
         <run_address>0x8001c7d8</run_address>
         <size>0x1ca</size>
      </object_component>
      <object_component id="oc-4c1">
         <name>.cinit..neardata.load</name>
         <load_address>0x8001c9a2</load_address>
         <run_address>0x8001c9a2</run_address>
         <size>0x19</size>
      </object_component>
      <object_component id="oc-4c0">
         <name>.cinit..far.load</name>
         <load_address>0x8001c9bb</load_address>
         <run_address>0x8001c9bb</run_address>
         <size>0xb</size>
      </object_component>
      <object_component id="oc-4bf">
         <name>.cinit..bss.load</name>
         <load_address>0x8001c9c6</load_address>
         <run_address>0x8001c9c6</run_address>
         <size>0x9</size>
      </object_component>
      <object_component id="oc-4bd">
         <name>__TI_handler_table</name>
         <load_address>0x8001c9d0</load_address>
         <run_address>0x8001c9d0</run_address>
         <size>0x8</size>
      </object_component>
      <object_component id="oc-4be">
         <name>__TI_cinit_table</name>
         <load_address>0x8001c9d8</load_address>
         <run_address>0x8001c9d8</run_address>
         <size>0x20</size>
      </object_component>
      <object_component id="oc-295">
         <name>.neardata</name>
         <load_address>0x8001c7c0</load_address>
         <run_address>0x8001c7c0</run_address>
         <size>0x8</size>
         <input_file_ref idref="fl-6"/>
      </object_component>
      <object_component id="oc-18d">
         <name>.neardata</name>
         <load_address>0x8001c78c</load_address>
         <run_address>0x8001c78c</run_address>
         <size>0x34</size>
         <input_file_ref idref="fl-10"/>
      </object_component>
      <object_component id="oc-2b5">
         <name>.fardata:loopBuf</name>
         <load_address>0x8001c530</load_address>
         <run_address>0x8001c530</run_address>
         <size>0x28</size>
         <input_file_ref idref="fl-10"/>
      </object_component>
      <object_component id="oc-308">
         <name>.fardata:R$1</name>
         <load_address>0x8001c478</load_address>
         <run_address>0x8001c478</run_address>
         <size>0x40</size>
         <input_file_ref idref="fl-52"/>
      </object_component>
      <object_component id="oc-304">
         <name>.fardata:P$1</name>
         <load_address>0x8001c578</load_address>
         <run_address>0x8001c578</run_address>
         <size>0x18</size>
         <input_file_ref idref="fl-53"/>
      </object_component>
      <object_component id="oc-305">
         <name>.fardata:Q$2</name>
         <load_address>0x8001c590</load_address>
         <run_address>0x8001c590</run_address>
         <size>0x18</size>
         <input_file_ref idref="fl-53"/>
      </object_component>
      <object_component id="oc-217">
         <name>.fardata:A1$1</name>
         <load_address>0x8001c3b0</load_address>
         <run_address>0x8001c3b0</run_address>
         <size>0x88</size>
         <input_file_ref idref="fl-58"/>
      </object_component>
      <object_component id="oc-218">
         <name>.fardata:A2$2</name>
         <load_address>0x8001c438</load_address>
         <run_address>0x8001c438</run_address>
         <size>0x40</size>
         <input_file_ref idref="fl-58"/>
      </object_component>
      <object_component id="oc-219">
         <name>.fardata:P$3</name>
         <load_address>0x8001c558</load_address>
         <run_address>0x8001c558</run_address>
         <size>0x20</size>
         <input_file_ref idref="fl-58"/>
      </object_component>
      <object_component id="oc-21a">
         <name>.fardata:Q$4</name>
         <load_address>0x8001c4f8</load_address>
         <run_address>0x8001c4f8</run_address>
         <size>0x38</size>
         <input_file_ref idref="fl-58"/>
      </object_component>
      <object_component id="oc-30b">
         <name>.fardata:R$1</name>
         <load_address>0x8001c4b8</load_address>
         <run_address>0x8001c4b8</run_address>
         <size>0x40</size>
         <input_file_ref idref="fl-5a"/>
      </object_component>
      <object_component id="oc-a8">
         <name>.fardata</name>
         <load_address>0x8001c5a8</load_address>
         <run_address>0x8001c5a8</run_address>
         <size>0xc</size>
         <input_file_ref idref="fl-60"/>
      </object_component>
      <object_component id="oc-2d9">
         <name>.fardata</name>
         <load_address>0x8001c5b4</load_address>
         <run_address>0x8001c5b4</run_address>
         <size>0x4</size>
         <input_file_ref idref="fl-6d"/>
      </object_component>
      <object_component id="oc-453">
         <name>.debug_info</name>
         <load_address>0x0</load_address>
         <run_address>0x0</run_address>
         <size>0x9a4</size>
         <input_file_ref idref="fl-2"/>
      </object_component>
      <object_component id="oc-480">
         <name>.debug_info</name>
         <load_address>0x9a4</load_address>
         <run_address>0x9a4</run_address>
         <size>0xa30</size>
         <input_file_ref idref="fl-2"/>
      </object_component>
      <object_component id="oc-485">
         <name>.debug_info</name>
         <load_address>0x13d4</load_address>
         <run_address>0x13d4</run_address>
         <size>0x10f</size>
         <input_file_ref idref="fl-2"/>
      </object_component>
      <object_component id="oc-87">
         <name>.debug_info</name>
         <load_address>0x14e3</load_address>
         <run_address>0x14e3</run_address>
         <size>0xc0</size>
         <input_file_ref idref="fl-2"/>
      </object_component>
      <object_component id="oc-3d9">
         <name>.debug_info</name>
         <load_address>0x15a3</load_address>
         <run_address>0x15a3</run_address>
         <size>0x109</size>
         <input_file_ref idref="fl-2"/>
      </object_component>
      <object_component id="oc-f7">
         <name>.debug_info</name>
         <load_address>0x16ac</load_address>
         <run_address>0x16ac</run_address>
         <size>0x2c</size>
         <input_file_ref idref="fl-3"/>
      </object_component>
      <object_component id="oc-188">
         <name>.debug_info</name>
         <load_address>0x16d8</load_address>
         <run_address>0x16d8</run_address>
         <size>0x78d</size>
         <input_file_ref idref="fl-4"/>
      </object_component>
      <object_component id="oc-2d2">
         <name>.debug_info</name>
         <load_address>0x1e65</load_address>
         <run_address>0x1e65</run_address>
         <size>0x56a</size>
         <input_file_ref idref="fl-5"/>
      </object_component>
      <object_component id="oc-1df">
         <name>.debug_info</name>
         <load_address>0x23cf</load_address>
         <run_address>0x23cf</run_address>
         <size>0x2c</size>
         <input_file_ref idref="fl-5"/>
      </object_component>
      <object_component id="oc-299">
         <name>.debug_info</name>
         <load_address>0x23fb</load_address>
         <run_address>0x23fb</run_address>
         <size>0x8c4</size>
         <input_file_ref idref="fl-6"/>
      </object_component>
      <object_component id="oc-296">
         <name>.debug_info</name>
         <load_address>0x2cbf</load_address>
         <run_address>0x2cbf</run_address>
         <size>0xda</size>
         <input_file_ref idref="fl-6"/>
      </object_component>
      <object_component id="oc-182">
         <name>.debug_info</name>
         <load_address>0x2d99</load_address>
         <run_address>0x2d99</run_address>
         <size>0xbf5</size>
         <input_file_ref idref="fl-6"/>
      </object_component>
      <object_component id="oc-2d8">
         <name>.debug_info</name>
         <load_address>0x398e</load_address>
         <run_address>0x398e</run_address>
         <size>0x598</size>
         <input_file_ref idref="fl-7"/>
      </object_component>
      <object_component id="oc-1e4">
         <name>.debug_info</name>
         <load_address>0x3f26</load_address>
         <run_address>0x3f26</run_address>
         <size>0x26b</size>
         <input_file_ref idref="fl-7"/>
      </object_component>
      <object_component id="oc-2d3">
         <name>.debug_info</name>
         <load_address>0x4191</load_address>
         <run_address>0x4191</run_address>
         <size>0x275</size>
         <input_file_ref idref="fl-7"/>
      </object_component>
      <object_component id="oc-37f">
         <name>.debug_info</name>
         <load_address>0x4406</load_address>
         <run_address>0x4406</run_address>
         <size>0x2c</size>
         <input_file_ref idref="fl-7"/>
      </object_component>
      <object_component id="oc-287">
         <name>.debug_info</name>
         <load_address>0x4432</load_address>
         <run_address>0x4432</run_address>
         <size>0x5db</size>
         <input_file_ref idref="fl-8"/>
      </object_component>
      <object_component id="oc-171">
         <name>.debug_info</name>
         <load_address>0x4a0d</load_address>
         <run_address>0x4a0d</run_address>
         <size>0x261e</size>
         <input_file_ref idref="fl-8"/>
      </object_component>
      <object_component id="oc-1ac">
         <name>.debug_info</name>
         <load_address>0x702b</load_address>
         <run_address>0x702b</run_address>
         <size>0x256</size>
         <input_file_ref idref="fl-8"/>
      </object_component>
      <object_component id="oc-28b">
         <name>.debug_info</name>
         <load_address>0x7281</load_address>
         <run_address>0x7281</run_address>
         <size>0xf4</size>
         <input_file_ref idref="fl-9"/>
      </object_component>
      <object_component id="oc-177">
         <name>.debug_info</name>
         <load_address>0x7375</load_address>
         <run_address>0x7375</run_address>
         <size>0x19f</size>
         <input_file_ref idref="fl-a"/>
      </object_component>
      <object_component id="oc-107">
         <name>.debug_info</name>
         <load_address>0x7514</load_address>
         <run_address>0x7514</run_address>
         <size>0xbec</size>
         <input_file_ref idref="fl-b"/>
      </object_component>
      <object_component id="oc-10b">
         <name>.debug_info</name>
         <load_address>0x8100</load_address>
         <run_address>0x8100</run_address>
         <size>0x144</size>
         <input_file_ref idref="fl-c"/>
      </object_component>
      <object_component id="oc-29e">
         <name>.debug_info</name>
         <load_address>0x8244</load_address>
         <run_address>0x8244</run_address>
         <size>0x169d</size>
         <input_file_ref idref="fl-d"/>
      </object_component>
      <object_component id="oc-e6">
         <name>.debug_info</name>
         <load_address>0x98e1</load_address>
         <run_address>0x98e1</run_address>
         <size>0x565</size>
         <input_file_ref idref="fl-e"/>
      </object_component>
      <object_component id="oc-76">
         <name>.debug_info</name>
         <load_address>0x9e46</load_address>
         <run_address>0x9e46</run_address>
         <size>0xbe</size>
         <input_file_ref idref="fl-e"/>
      </object_component>
      <object_component id="oc-292">
         <name>.debug_info</name>
         <load_address>0x9f04</load_address>
         <run_address>0x9f04</run_address>
         <size>0xbe</size>
         <input_file_ref idref="fl-e"/>
      </object_component>
      <object_component id="oc-17c">
         <name>.debug_info</name>
         <load_address>0x9fc2</load_address>
         <run_address>0x9fc2</run_address>
         <size>0x1243</size>
         <input_file_ref idref="fl-e"/>
      </object_component>
      <object_component id="oc-31">
         <name>.debug_info</name>
         <load_address>0xb205</load_address>
         <run_address>0xb205</run_address>
         <size>0x730</size>
         <input_file_ref idref="fl-e"/>
      </object_component>
      <object_component id="oc-28">
         <name>.debug_info</name>
         <load_address>0xb935</load_address>
         <run_address>0xb935</run_address>
         <size>0xc0</size>
         <input_file_ref idref="fl-f"/>
      </object_component>
      <object_component id="oc-197">
         <name>.debug_info</name>
         <load_address>0xb9f5</load_address>
         <run_address>0xb9f5</run_address>
         <size>0x160e</size>
         <input_file_ref idref="fl-10"/>
      </object_component>
      <object_component id="oc-18e">
         <name>.debug_info</name>
         <load_address>0xd003</load_address>
         <run_address>0xd003</run_address>
         <size>0x259</size>
         <input_file_ref idref="fl-10"/>
      </object_component>
      <object_component id="oc-2b6">
         <name>.debug_info</name>
         <load_address>0xd25c</load_address>
         <run_address>0xd25c</run_address>
         <size>0xb2</size>
         <input_file_ref idref="fl-10"/>
      </object_component>
      <object_component id="oc-2a7">
         <name>.debug_info</name>
         <load_address>0xd30e</load_address>
         <run_address>0xd30e</run_address>
         <size>0xb0</size>
         <input_file_ref idref="fl-10"/>
      </object_component>
      <object_component id="oc-2aa">
         <name>.debug_info</name>
         <load_address>0xd3be</load_address>
         <run_address>0xd3be</run_address>
         <size>0xb0</size>
         <input_file_ref idref="fl-10"/>
      </object_component>
      <object_component id="oc-2ad">
         <name>.debug_info</name>
         <load_address>0xd46e</load_address>
         <run_address>0xd46e</run_address>
         <size>0xb0</size>
         <input_file_ref idref="fl-10"/>
      </object_component>
      <object_component id="oc-194">
         <name>.debug_info</name>
         <load_address>0xd51e</load_address>
         <run_address>0xd51e</run_address>
         <size>0xb2</size>
         <input_file_ref idref="fl-10"/>
      </object_component>
      <object_component id="oc-191">
         <name>.debug_info</name>
         <load_address>0xd5d0</load_address>
         <run_address>0xd5d0</run_address>
         <size>0xb4</size>
         <input_file_ref idref="fl-10"/>
      </object_component>
      <object_component id="oc-1a1">
         <name>.debug_info</name>
         <load_address>0xd684</load_address>
         <run_address>0xd684</run_address>
         <size>0xbc</size>
         <input_file_ref idref="fl-10"/>
      </object_component>
      <object_component id="oc-1a4">
         <name>.debug_info</name>
         <load_address>0xd740</load_address>
         <run_address>0xd740</run_address>
         <size>0xbc</size>
         <input_file_ref idref="fl-10"/>
      </object_component>
      <object_component id="oc-a1">
         <name>.debug_info</name>
         <load_address>0xd7fc</load_address>
         <run_address>0xd7fc</run_address>
         <size>0x1a36</size>
         <input_file_ref idref="fl-10"/>
      </object_component>
      <object_component id="oc-1a7">
         <name>.debug_info</name>
         <load_address>0xf232</load_address>
         <run_address>0xf232</run_address>
         <size>0x2c</size>
         <input_file_ref idref="fl-10"/>
      </object_component>
      <object_component id="oc-3ab">
         <name>.debug_info</name>
         <load_address>0xf25e</load_address>
         <run_address>0xf25e</run_address>
         <size>0x1e3</size>
         <input_file_ref idref="fl-10"/>
      </object_component>
      <object_component id="oc-114">
         <name>.debug_info</name>
         <load_address>0xf441</load_address>
         <run_address>0xf441</run_address>
         <size>0x10f</size>
         <input_file_ref idref="fl-11"/>
      </object_component>
      <object_component id="oc-285">
         <name>.debug_info</name>
         <load_address>0xf550</load_address>
         <run_address>0xf550</run_address>
         <size>0x517</size>
         <input_file_ref idref="fl-12"/>
      </object_component>
      <object_component id="oc-16a">
         <name>.debug_info</name>
         <load_address>0xfa67</load_address>
         <run_address>0xfa67</run_address>
         <size>0x296b</size>
         <input_file_ref idref="fl-12"/>
      </object_component>
      <object_component id="oc-25e">
         <name>.debug_info</name>
         <load_address>0x123d2</load_address>
         <run_address>0x123d2</run_address>
         <size>0x505</size>
         <input_file_ref idref="fl-13"/>
      </object_component>
      <object_component id="oc-14d">
         <name>.debug_info</name>
         <load_address>0x128d7</load_address>
         <run_address>0x128d7</run_address>
         <size>0x1fb</size>
         <input_file_ref idref="fl-13"/>
      </object_component>
      <object_component id="oc-152">
         <name>.debug_info</name>
         <load_address>0x12ad2</load_address>
         <run_address>0x12ad2</run_address>
         <size>0x1c6</size>
         <input_file_ref idref="fl-14"/>
      </object_component>
      <object_component id="oc-266">
         <name>.debug_info</name>
         <load_address>0x12c98</load_address>
         <run_address>0x12c98</run_address>
         <size>0x54f</size>
         <input_file_ref idref="fl-15"/>
      </object_component>
      <object_component id="oc-159">
         <name>.debug_info</name>
         <load_address>0x131e7</load_address>
         <run_address>0x131e7</run_address>
         <size>0x1341</size>
         <input_file_ref idref="fl-15"/>
      </object_component>
      <object_component id="oc-253">
         <name>.debug_info</name>
         <load_address>0x14528</load_address>
         <run_address>0x14528</run_address>
         <size>0x72a</size>
         <input_file_ref idref="fl-34"/>
      </object_component>
      <object_component id="oc-135">
         <name>.debug_info</name>
         <load_address>0x14c52</load_address>
         <run_address>0x14c52</run_address>
         <size>0x1e2</size>
         <input_file_ref idref="fl-34"/>
      </object_component>
      <object_component id="oc-24e">
         <name>.debug_info</name>
         <load_address>0x14e34</load_address>
         <run_address>0x14e34</run_address>
         <size>0x39</size>
         <input_file_ref idref="fl-34"/>
      </object_component>
      <object_component id="oc-323">
         <name>.debug_info</name>
         <load_address>0x14e6d</load_address>
         <run_address>0x14e6d</run_address>
         <size>0x2c</size>
         <input_file_ref idref="fl-34"/>
      </object_component>
      <object_component id="oc-255">
         <name>.debug_info</name>
         <load_address>0x14e99</load_address>
         <run_address>0x14e99</run_address>
         <size>0x2c</size>
         <input_file_ref idref="fl-34"/>
      </object_component>
      <object_component id="oc-12e">
         <name>.debug_info</name>
         <load_address>0x14ec5</load_address>
         <run_address>0x14ec5</run_address>
         <size>0x168</size>
         <input_file_ref idref="fl-35"/>
      </object_component>
      <object_component id="oc-11c">
         <name>.debug_info</name>
         <load_address>0x1502d</load_address>
         <run_address>0x1502d</run_address>
         <size>0x166</size>
         <input_file_ref idref="fl-35"/>
      </object_component>
      <object_component id="oc-140">
         <name>.debug_info</name>
         <load_address>0x15193</load_address>
         <run_address>0x15193</run_address>
         <size>0x18b</size>
         <input_file_ref idref="fl-35"/>
      </object_component>
      <object_component id="oc-13a">
         <name>.debug_info</name>
         <load_address>0x1531e</load_address>
         <run_address>0x1531e</run_address>
         <size>0x18b</size>
         <input_file_ref idref="fl-35"/>
      </object_component>
      <object_component id="oc-146">
         <name>.debug_info</name>
         <load_address>0x154a9</load_address>
         <run_address>0x154a9</run_address>
         <size>0x181</size>
         <input_file_ref idref="fl-35"/>
      </object_component>
      <object_component id="oc-37e">
         <name>.debug_info</name>
         <load_address>0x1562a</load_address>
         <run_address>0x1562a</run_address>
         <size>0x80d</size>
         <input_file_ref idref="fl-37"/>
      </object_component>
      <object_component id="oc-33b">
         <name>.debug_info</name>
         <load_address>0x15e37</load_address>
         <run_address>0x15e37</run_address>
         <size>0x26a</size>
         <input_file_ref idref="fl-37"/>
      </object_component>
      <object_component id="oc-341">
         <name>.debug_info</name>
         <load_address>0x160a1</load_address>
         <run_address>0x160a1</run_address>
         <size>0x221</size>
         <input_file_ref idref="fl-37"/>
      </object_component>
      <object_component id="oc-41f">
         <name>.debug_info</name>
         <load_address>0x162c2</load_address>
         <run_address>0x162c2</run_address>
         <size>0x1a8</size>
         <input_file_ref idref="fl-37"/>
      </object_component>
      <object_component id="oc-425">
         <name>.debug_info</name>
         <load_address>0x1646a</load_address>
         <run_address>0x1646a</run_address>
         <size>0x219</size>
         <input_file_ref idref="fl-37"/>
      </object_component>
      <object_component id="oc-353">
         <name>.debug_info</name>
         <load_address>0x16683</load_address>
         <run_address>0x16683</run_address>
         <size>0x303</size>
         <input_file_ref idref="fl-37"/>
      </object_component>
      <object_component id="oc-42c">
         <name>.debug_info</name>
         <load_address>0x16986</load_address>
         <run_address>0x16986</run_address>
         <size>0x245</size>
         <input_file_ref idref="fl-37"/>
      </object_component>
      <object_component id="oc-359">
         <name>.debug_info</name>
         <load_address>0x16bcb</load_address>
         <run_address>0x16bcb</run_address>
         <size>0x271</size>
         <input_file_ref idref="fl-37"/>
      </object_component>
      <object_component id="oc-35f">
         <name>.debug_info</name>
         <load_address>0x16e3c</load_address>
         <run_address>0x16e3c</run_address>
         <size>0x2eb</size>
         <input_file_ref idref="fl-37"/>
      </object_component>
      <object_component id="oc-365">
         <name>.debug_info</name>
         <load_address>0x17127</load_address>
         <run_address>0x17127</run_address>
         <size>0x4ab</size>
         <input_file_ref idref="fl-37"/>
      </object_component>
      <object_component id="oc-275">
         <name>.debug_info</name>
         <load_address>0x175d2</load_address>
         <run_address>0x175d2</run_address>
         <size>0x6af</size>
         <input_file_ref idref="fl-37"/>
      </object_component>
      <object_component id="oc-384">
         <name>.debug_info</name>
         <load_address>0x17c81</load_address>
         <run_address>0x17c81</run_address>
         <size>0x86</size>
         <input_file_ref idref="fl-37"/>
      </object_component>
      <object_component id="oc-440">
         <name>.debug_info</name>
         <load_address>0x17d07</load_address>
         <run_address>0x17d07</run_address>
         <size>0x39</size>
         <input_file_ref idref="fl-37"/>
      </object_component>
      <object_component id="oc-477">
         <name>.debug_info</name>
         <load_address>0x17d40</load_address>
         <run_address>0x17d40</run_address>
         <size>0x94</size>
         <input_file_ref idref="fl-37"/>
      </object_component>
      <object_component id="oc-445">
         <name>.debug_info</name>
         <load_address>0x17dd4</load_address>
         <run_address>0x17dd4</run_address>
         <size>0x46</size>
         <input_file_ref idref="fl-37"/>
      </object_component>
      <object_component id="oc-38e">
         <name>.debug_info</name>
         <load_address>0x17e1a</load_address>
         <run_address>0x17e1a</run_address>
         <size>0x46</size>
         <input_file_ref idref="fl-37"/>
      </object_component>
      <object_component id="oc-389">
         <name>.debug_info</name>
         <load_address>0x17e60</load_address>
         <run_address>0x17e60</run_address>
         <size>0x2c</size>
         <input_file_ref idref="fl-37"/>
      </object_component>
      <object_component id="oc-27a">
         <name>.debug_info</name>
         <load_address>0x17e8c</load_address>
         <run_address>0x17e8c</run_address>
         <size>0x5fc</size>
         <input_file_ref idref="fl-38"/>
      </object_component>
      <object_component id="oc-160">
         <name>.debug_info</name>
         <load_address>0x18488</load_address>
         <run_address>0x18488</run_address>
         <size>0x1b7</size>
         <input_file_ref idref="fl-38"/>
      </object_component>
      <object_component id="oc-270">
         <name>.debug_info</name>
         <load_address>0x1863f</load_address>
         <run_address>0x1863f</run_address>
         <size>0x18d</size>
         <input_file_ref idref="fl-38"/>
      </object_component>
      <object_component id="oc-269">
         <name>.debug_info</name>
         <load_address>0x187cc</load_address>
         <run_address>0x187cc</run_address>
         <size>0x162</size>
         <input_file_ref idref="fl-38"/>
      </object_component>
      <object_component id="oc-282">
         <name>.debug_info</name>
         <load_address>0x1892e</load_address>
         <run_address>0x1892e</run_address>
         <size>0x633</size>
         <input_file_ref idref="fl-41"/>
      </object_component>
      <object_component id="oc-164">
         <name>.debug_info</name>
         <load_address>0x18f61</load_address>
         <run_address>0x18f61</run_address>
         <size>0x147</size>
         <input_file_ref idref="fl-41"/>
      </object_component>
      <object_component id="oc-3a4">
         <name>.debug_info</name>
         <load_address>0x190a8</load_address>
         <run_address>0x190a8</run_address>
         <size>0x39</size>
         <input_file_ref idref="fl-41"/>
      </object_component>
      <object_component id="oc-330">
         <name>.debug_info</name>
         <load_address>0x190e1</load_address>
         <run_address>0x190e1</run_address>
         <size>0x10e</size>
         <input_file_ref idref="fl-42"/>
      </object_component>
      <object_component id="oc-377">
         <name>.debug_info</name>
         <load_address>0x191ef</load_address>
         <run_address>0x191ef</run_address>
         <size>0x10c</size>
         <input_file_ref idref="fl-42"/>
      </object_component>
      <object_component id="oc-261">
         <name>.debug_info</name>
         <load_address>0x192fb</load_address>
         <run_address>0x192fb</run_address>
         <size>0x114</size>
         <input_file_ref idref="fl-43"/>
      </object_component>
      <object_component id="oc-3e">
         <name>.debug_info</name>
         <load_address>0x1940f</load_address>
         <run_address>0x1940f</run_address>
         <size>0x121</size>
         <input_file_ref idref="fl-44"/>
      </object_component>
      <object_component id="oc-117">
         <name>.debug_info</name>
[...]
         <object_component_ref idref="oc-169"/>
      </symbol>
      <symbol id="sm-422">
         <name>McASPPinGPIOSet</name>
         <value>0x8000612c</value>
         <object_component_ref idref="oc-169"/>
      </symbol>
      <symbol id="sm-423">
         <name>McASPTxEnable</name>
         <value>0x80006640</value>
         <object_component_ref idref="oc-169"/>
      </symbol>
      <symbol id="sm-424">
         <name>McASPRxClkCfg</name>
         <value>0x80005e70</value>
         <object_component_ref idref="oc-169"/>
      </symbol>
      <symbol id="sm-425">
         <name>McASPRxIntEnable</name>
         <value>0x80006380</value>
         <object_component_ref idref="oc-169"/>
      </symbol>
      <symbol id="sm-426">
         <name>McASPTxFmtSet</name>
         <value>0x80005c80</value>
         <object_component_ref idref="oc-169"/>
      </symbol>
      <symbol id="sm-427">
         <name>McASPTxIntEnable</name>
         <value>0x8000634c</value>
         <object_component_ref idref="oc-169"/>
      </symbol>
      <symbol id="sm-428">
         <name>McASPRxFmtI2SSet</name>
         <value>0x80005d10</value>
         <object_component_ref idref="oc-169"/>
      </symbol>
      <symbol id="sm-429">
         <name>McASPAMUTEINActivate</name>
         <value>0x80006300</value>
         <object_component_ref idref="oc-169"/>
      </symbol>
      <symbol id="sm-42a">
         <name>McASPTxFmtI2SSet</name>
         <value>0x80005cb8</value>
         <object_component_ref idref="oc-169"/>
      </symbol>
      <symbol id="sm-42b">
         <name>McASPPinDirInputSet</name>
         <value>0x800061c0</value>
         <object_component_ref idref="oc-169"/>
      </symbol>
      <symbol id="sm-42c">
         <name>McASPTxHFClkPolaritySet</name>
         <value>0x80005fa0</value>
         <object_component_ref idref="oc-169"/>
      </symbol>
      <symbol id="sm-42d">
         <name>McASPRxBufRead</name>
         <value>0x80006794</value>
         <object_component_ref idref="oc-169"/>
      </symbol>
      <symbol id="sm-42e">
         <name>McASPRxEnable</name>
         <value>0x800066f4</value>
         <object_component_ref idref="oc-169"/>
      </symbol>
      <symbol id="sm-42f">
         <name>McASPTxRxClkSyncEnable</name>
         <value>0x80006020</value>
         <object_component_ref idref="oc-169"/>
      </symbol>
      <symbol id="sm-444">
         <name>PSCModuleControl</name>
         <value>0x8000c500</value>
         <object_component_ref idref="oc-14b"/>
      </symbol>
      <symbol id="sm-453">
         <name>UARTPinMuxSetup</name>
         <value>0x8000c380</value>
         <object_component_ref idref="oc-151"/>
      </symbol>
      <symbol id="sm-472">
         <name>UARTCharPutNonBlocking</name>
         <value>0x80008fa0</value>
         <object_component_ref idref="oc-157"/>
      </symbol>
      <symbol id="sm-473">
         <name>UARTDMAEnable</name>
         <value>0x80008de0</value>
         <object_component_ref idref="oc-157"/>
      </symbol>
      <symbol id="sm-474">
         <name>UARTFIFODisable</name>
         <value>0x80008f00</value>
         <object_component_ref idref="oc-157"/>
      </symbol>
      <symbol id="sm-475">
         <name>UARTModemControlSet</name>
         <value>0x80009160</value>
         <object_component_ref idref="oc-157"/>
      </symbol>
      <symbol id="sm-476">
         <name>UARTConfigSetExpClk</name>
         <value>0x80008c80</value>
         <object_component_ref idref="oc-157"/>
      </symbol>
      <symbol id="sm-477">
         <name>UARTDisable</name>
         <value>0x80008eac</value>
         <object_component_ref idref="oc-157"/>
      </symbol>
      <symbol id="sm-478">
         <name>UARTIntEnable</name>
         <value>0x800090a0</value>
         <object_component_ref idref="oc-157"/>
      </symbol>
      <symbol id="sm-479">
         <name>UARTCharsAvail</name>
         <value>0x80008f4c</value>
         <object_component_ref idref="oc-157"/>
      </symbol>
      <symbol id="sm-47a">
         <name>UARTCharGetNonBlocking</name>
         <value>0x80008fe0</value>
         <object_component_ref idref="oc-157"/>
      </symbol>
      <symbol id="sm-47b">
         <name>UARTModemStatusGet</name>
         <value>0x80009208</value>
         <object_component_ref idref="oc-157"/>
      </symbol>
      <symbol id="sm-47c">
         <name>UARTIntDisable</name>
         <value>0x800090cc</value>
         <object_component_ref idref="oc-157"/>
      </symbol>
      <symbol id="sm-47d">
         <name>UARTCharPut</name>
         <value>0x80009048</value>
         <object_component_ref idref="oc-157"/>
      </symbol>
      <symbol id="sm-47e">
         <name>UARTParityModeSet</name>
         <value>0x80008e20</value>
         <object_component_ref idref="oc-157"/>
      </symbol>
      <symbol id="sm-47f">
         <name>UARTRxErrorGet</name>
         <value>0x80008f80</value>
         <object_component_ref idref="oc-157"/>
      </symbol>
      <symbol id="sm-480">
         <name>UARTConfigGetExpClk</name>
         <value>0x80008d28</value>
         <object_component_ref idref="oc-157"/>
      </symbol>
      <symbol id="sm-481">
         <name>UARTEnable</name>
         <value>0x80008e90</value>
         <object_component_ref idref="oc-157"/>
      </symbol>
      <symbol id="sm-482">
         <name>UARTModemControlGet</name>
         <value>0x800091e8</value>
         <object_component_ref idref="oc-157"/>
      </symbol>
      <symbol id="sm-483">
         <name>UARTFIFOEnable</name>
         <value>0x80008ee0</value>
         <object_component_ref idref="oc-157"/>
      </symbol>
      <symbol id="sm-484">
         <name>UARTIntStatus</name>
         <value>0x800090f8</value>
         <object_component_ref idref="oc-157"/>
      </symbol>
      <symbol id="sm-485">
         <name>UARTDMADisable</name>
         <value>0x80008e00</value>
         <object_component_ref idref="oc-157"/>
      </symbol>
      <symbol id="sm-486">
         <name>UARTSpaceAvail</name>
         <value>0x80008f20</value>
         <object_component_ref idref="oc-157"/>
      </symbol>
      <symbol id="sm-487">
         <name>UARTCharGet</name>
         <value>0x8000900c</value>
         <object_component_ref idref="oc-157"/>
      </symbol>
      <symbol id="sm-488">
         <name>UARTFIFOLevelSet</name>
         <value>0x80008db4</value>
         <object_component_ref idref="oc-157"/>
      </symbol>
      <symbol id="sm-489">
         <name>UARTModemControlClear</name>
         <value>0x800091b4</value>
         <object_component_ref idref="oc-157"/>
      </symbol>
      <symbol id="sm-48a">
         <name>UARTParityModeGet</name>
         <value>0x80008e6c</value>
         <object_component_ref idref="oc-157"/>
      </symbol>
      <symbol id="sm-48b">
         <name>UARTBreakCtl</name>
         <value>0x80009124</value>
         <object_component_ref idref="oc-157"/>
      </symbol>
      <symbol id="sm-4b5">
         <name>cexpl</name>
         <value>0x8000b800</value>
         <object_component_ref idref="oc-133"/>
      </symbol>
      <symbol id="sm-4b6">
         <name>cexp</name>
         <value>0x8000b800</value>
         <object_component_ref idref="oc-133"/>
      </symbol>
      <symbol id="sm-4db">
         <name>__c99_complex_double_multiply</name>
         <value>0x8000d7a0</value>
         <object_component_ref idref="oc-139"/>
      </symbol>
      <symbol id="sm-4dc">
         <name>__c99_complex_double_subtract</name>
         <value>0x8000da80</value>
         <object_component_ref idref="oc-13f"/>
      </symbol>
      <symbol id="sm-4dd">
         <name>__c99_double_to_cdouble</name>
         <value>0x8000dbc0</value>
         <object_component_ref idref="oc-11b"/>
      </symbol>
      <symbol id="sm-4de">
         <name>__c99_idouble_to_cdouble</name>
         <value>0x8000dbe0</value>
         <object_component_ref idref="oc-12d"/>
      </symbol>
      <symbol id="sm-4df">
         <name>__c99_complex_double_add</name>
         <value>0x8000da40</value>
         <object_component_ref idref="oc-145"/>
      </symbol>
      <symbol id="sm-6f6">
         <name>__TI_printfi</name>
         <value>0x80000000</value>
         <object_component_ref idref="oc-273"/>
      </symbol>
      <symbol id="sm-714">
         <name>sprintf</name>
         <value>0x8000d920</value>
         <object_component_ref idref="oc-15d"/>
      </symbol>
      <symbol id="sm-72f">
         <name>cabsl</name>
         <value>0x8000dce0</value>
         <object_component_ref idref="oc-163"/>
      </symbol>
      <symbol id="sm-730">
         <name>cabs</name>
         <value>0x8000dce0</value>
         <object_component_ref idref="oc-163"/>
      </symbol>
      <symbol id="sm-73e">
         <name>__c6xabi_push_rts</name>
         <value>0x8000dc20</value>
         <object_component_ref idref="oc-32f"/>
      </symbol>
      <symbol id="sm-73f">
         <name>__pop_rts</name>
         <value>0x8000dc00</value>
         <object_component_ref idref="oc-376"/>
      </symbol>
      <symbol id="sm-740">
         <name>__c6xabi_pop_rts</name>
         <value>0x8000dc00</value>
         <object_component_ref idref="oc-376"/>
      </symbol>
      <symbol id="sm-741">
         <name>__push_rts</name>
         <value>0x8000dc20</value>
         <object_component_ref idref="oc-32f"/>
      </symbol>
      <symbol id="sm-74a">
         <name>__c6xabi_divu</name>
         <value>0x8000d040</value>
         <object_component_ref idref="oc-260"/>
      </symbol>
      <symbol id="sm-74b">
         <name>__divu</name>
         <value>0x8000d040</value>
         <object_component_ref idref="oc-260"/>
      </symbol>
      <symbol id="sm-754">
         <name>memcpy</name>
         <value>0x8000d500</value>
         <object_component_ref idref="oc-3c"/>
      </symbol>
      <symbol id="sm-75d">
         <name>__remu</name>
         <value>0x8000d320</value>
         <object_component_ref idref="oc-116"/>
      </symbol>
      <symbol id="sm-75e">
         <name>__c6xabi_remu</name>
         <value>0x8000d320</value>
         <object_component_ref idref="oc-116"/>
      </symbol>
      <symbol id="sm-774">
         <name>_c_int00</name>
         <value>0x8000d620</value>
         <object_component_ref idref="oc-25"/>
      </symbol>
      <symbol id="sm-775">
         <name>_stack</name>
         <value>0x8001b3b0</value>
         <object_component_ref idref="oc-36"/>
      </symbol>
      <symbol id="sm-786">
         <name>__c6xabi_divul</name>
         <value>0x8000bc20</value>
         <object_component_ref idref="oc-40e"/>
      </symbol>
      <symbol id="sm-7a2">
         <name>_subcull</name>
         <value>0x8000d860</value>
         <object_component_ref idref="oc-45f"/>
      </symbol>
      <symbol id="sm-7a3">
         <name>__c6xabi_divull</name>
         <value>0x8000b5a0</value>
         <object_component_ref idref="oc-408"/>
      </symbol>
      <symbol id="sm-7c3">
         <name>__c6xabi_llshru</name>
         <value>0x8000bfa0</value>
         <object_component_ref idref="oc-21d"/>
      </symbol>
      <symbol id="sm-7c4">
         <name>__c6xabi_llshl</name>
         <value>0x8000d5a0</value>
         <object_component_ref idref="oc-459"/>
      </symbol>
      <symbol id="sm-7d4">
         <name>memset</name>
         <value>0x8000cea0</value>
         <object_component_ref idref="oc-8c"/>
      </symbol>
      <symbol id="sm-7f9">
         <name>__TI_auto_init_nobinit_nopinit</name>
         <value>0x8000cf80</value>
         <object_component_ref idref="oc-b4"/>
      </symbol>
      <symbol id="sm-802">
         <name>_system_pre_init</name>
         <value>0x8000dca0</value>
         <object_component_ref idref="oc-6c"/>
      </symbol>
      <symbol id="sm-80b">
         <name>_system_post_cinit</name>
         <value>0x8000dc80</value>
         <object_component_ref idref="oc-1bd"/>
      </symbol>
      <symbol id="sm-824">
         <name>__TI_decompress_none</name>
         <value>0x8000dd00</value>
         <object_component_ref idref="oc-18"/>
      </symbol>
      <symbol id="sm-84f">
         <name>__TI_decompress_rle24</name>
         <value>0x8000dd20</value>
         <object_component_ref idref="oc-1e"/>
      </symbol>
      <symbol id="sm-866">
         <name>cosl</name>
         <value>0x8000a7e0</value>
         <object_component_ref idref="oc-23b"/>
      </symbol>
      <symbol id="sm-867">
         <name>cos</name>
         <value>0x8000a7e0</value>
         <object_component_ref idref="oc-23b"/>
      </symbol>
      <symbol id="sm-892">
         <name>expl</name>
         <value>0x8000b320</value>
         <object_component_ref idref="oc-235"/>
      </symbol>
      <symbol id="sm-893">
         <name>exp</name>
         <value>0x8000b320</value>
         <object_component_ref idref="oc-235"/>
      </symbol>
      <symbol id="sm-8a7">
         <name>frexpl</name>
         <value>0x8000bde0</value>
         <object_component_ref idref="oc-1f9"/>
      </symbol>
      <symbol id="sm-8a8">
         <name>frexp</name>
         <value>0x8000bde0</value>
         <object_component_ref idref="oc-1f9"/>
      </symbol>
      <symbol id="sm-8b1">
         <name>__c6xabi_isinf</name>
         <value>0x8000d9c0</value>
         <object_component_ref idref="oc-346"/>
      </symbol>
      <symbol id="sm-8c4">
         <name>scalbn</name>
         <value>0x8000c200</value>
         <object_component_ref idref="oc-1ff"/>
      </symbol>
      <symbol id="sm-8c5">
         <name>scalbnl</name>
         <value>0x8000c200</value>
         <object_component_ref idref="oc-1ff"/>
      </symbol>
      <symbol id="sm-8c6">
         <name>ldexpl</name>
         <value>0x8000c200</value>
         <object_component_ref idref="oc-1ff"/>
      </symbol>
      <symbol id="sm-8c7">
         <name>ldexp</name>
         <value>0x8000c200</value>
         <object_component_ref idref="oc-1ff"/>
      </symbol>
      <symbol id="sm-8d5">
         <name>modfl</name>
         <value>0x8000d100</value>
         <object_component_ref idref="oc-211"/>
      </symbol>
      <symbol id="sm-8d6">
         <name>modf</name>
         <value>0x8000d100</value>
         <object_component_ref idref="oc-211"/>
      </symbol>
      <symbol id="sm-912">
         <name>pow</name>
         <value>0x80006c20</value>
         <object_component_ref idref="oc-121"/>
      </symbol>
      <symbol id="sm-913">
         <name>powl</name>
         <value>0x80006c20</value>
         <object_component_ref idref="oc-121"/>
      </symbol>
      <symbol id="sm-91d">
         <name>__c6xabi_roundl</name>
         <value>0x8000d280</value>
         <object_component_ref idref="oc-205"/>
      </symbol>
      <symbol id="sm-91e">
         <name>__c6xabi_nround</name>
         <value>0x8000d280</value>
         <object_component_ref idref="oc-205"/>
      </symbol>
      <symbol id="sm-934">
         <name>sin</name>
         <value>0x8000ab00</value>
         <object_component_ref idref="oc-241"/>
      </symbol>
      <symbol id="sm-935">
         <name>sinl</name>
         <value>0x8000ab00</value>
         <object_component_ref idref="oc-241"/>
      </symbol>
      <symbol id="sm-93f">
         <name>__c6xabi_trunc</name>
         <value>0x8000dba0</value>
         <object_component_ref idref="oc-20b"/>
      </symbol>
      <symbol id="sm-940">
         <name>__c6xabi_truncl</name>
         <value>0x8000dba0</value>
         <object_component_ref idref="oc-20b"/>
      </symbol>
      <symbol id="sm-949">
         <name>_signbit</name>
         <value>0x8000dc60</value>
         <object_component_ref idref="oc-34c"/>
      </symbol>
      <symbol id="sm-968">
         <name>__c6xabi_divd</name>
         <value>0x800080e0</value>
         <object_component_ref idref="oc-127"/>
      </symbol>
      <symbol id="sm-97b">
         <name>__TI_frcmpyd_div</name>
         <value>0x8000d980</value>
         <object_component_ref idref="oc-223"/>
      </symbol>
      <symbol id="sm-99d">
         <name>C$$EXIT</name>
         <value>0x8000dcc0</value>
         <object_component_ref idref="oc-ab"/>
      </symbol>
      <symbol id="sm-99e">
         <name>abort</name>
         <value>0x8000dcc0</value>
         <object_component_ref idref="oc-ab"/>
      </symbol>
      <symbol id="sm-99f">
         <name>exit</name>
         <value>0x8000cdc0</value>
         <object_component_ref idref="oc-66"/>
      </symbol>
      <symbol id="sm-9a0">
         <name>__TI_dtors_ptr</name>
         <value>0x8001c5ac</value>
         <object_component_ref idref="oc-a8"/>
      </symbol>
      <symbol id="sm-9a1">
         <name>__TI_cleanup_ptr</name>
         <value>0x8001c5a8</value>
         <object_component_ref idref="oc-a8"/>
      </symbol>
      <symbol id="sm-9a2">
         <name>__TI_enable_exit_profile_output</name>
         <value>0x8001c5b0</value>
         <object_component_ref idref="oc-a8"/>
      </symbol>
      <symbol id="sm-9b6">
         <name>_sys_memory</name>
         <value>0x8001bbb0</value>
         <object_component_ref idref="oc-39"/>
      </symbol>
      <symbol id="sm-9c7">
         <name>__TI_ltoa</name>
         <value>0x8000cce0</value>
         <object_component_ref idref="oc-418"/>
      </symbol>
      <symbol id="sm-9d9">
         <name>_args_main</name>
         <value>0x8000dac0</value>
         <object_component_ref idref="oc-60"/>
      </symbol>
      <symbol id="sm-9ed">
         <name>atoi</name>
         <value>0x8000cbe0</value>
         <object_component_ref idref="oc-334"/>
      </symbol>
      <symbol id="sm-9f7">
         <name>_ctypes_</name>
         <value>0x8001c5b8</value>
         <object_component_ref idref="oc-403"/>
      </symbol>
      <symbol id="sm-a09">
         <name>memccpy</name>
         <value>0x8000d8c0</value>
         <object_component_ref idref="oc-36a"/>
      </symbol>
      <symbol id="sm-a24">
         <name>__TI_tls_init</name>
         <value>0x8000d1c0</value>
         <object_component_ref idref="oc-1c3"/>
      </symbol>
      <symbol id="sm-a36">
         <name>__errno</name>
         <value>0x8001c5b4</value>
         <object_component_ref idref="oc-2d9"/>
      </symbol>
      <symbol id="sm-a37">
         <name>errno</name>
         <value>0x8001c5b4</value>
         <object_component_ref idref="oc-2d9"/>
      </symbol>
      <symbol id="sm-a38">
         <name>__c6xabi_errno_addr</name>
         <value>0x8000db80</value>
         <object_component_ref idref="oc-1f3"/>
      </symbol>
      <symbol id="sm-a5b">
         <name>__ldexp_cexp</name>
         <value>0x8000c9e0</value>
         <object_component_ref idref="oc-247"/>
      </symbol>
      <symbol id="sm-a7b">
         <name>hypotl</name>
         <value>0x8000a4a0</value>
         <object_component_ref idref="oc-27b"/>
      </symbol>
      <symbol id="sm-a7c">
         <name>hypot</name>
         <value>0x8000a4a0</value>
         <object_component_ref idref="oc-27b"/>
      </symbol>
      <symbol id="sm-a96">
         <name>wcslen</name>
         <value>0x8000db40</value>
         <object_component_ref idref="oc-370"/>
      </symbol>
      <symbol id="sm-aad">
         <name>sqrtl</name>
         <value>0x8000c660</value>
         <object_component_ref idref="oc-395"/>
      </symbol>
      <symbol id="sm-aae">
         <name>sqrt</name>
         <value>0x8000c660</value>
         <object_component_ref idref="oc-395"/>
      </symbol>
      <symbol id="sm-ac3">
         <name>__TI_STATIC_BASE</name>
         <value>0x8001c78c</value>
      </symbol>
      <symbol id="sm-ac5">
         <name>__TI_TLS_INIT_Base</name>
         <value>0x0</value>
      </symbol>
      <symbol id="sm-ac6">
         <name>__TI_TLS_INIT_Limit</name>
         <value>0x0</value>
      </symbol>
   </symbol_table>
   <title>Link successful</title>
</link_info>
